Archive member included because of file (symbol)

/usr/lib/gcc/avr/4.3.4/../../../avr/lib/avrxmega6/libprintf_flt.a(vfprintf_flt.o)
                              (vfprintf)
/usr/lib/gcc/avr/4.3.4/../../../avr/lib/avrxmega6/libscanf_flt.a(vfscanf_flt.o)
                              (vfscanf)
/usr/lib/gcc/avr/4.3.4/../../../avr/lib/avrxmega6/libm.a(floatsisf.o)
                              /usr/lib/gcc/avr/4.3.4/../../../avr/lib/avrxmega6/libscanf_flt.a(vfscanf_flt.o) (__floatunsisf)
/usr/lib/gcc/avr/4.3.4/../../../avr/lib/avrxmega6/libm.a(mulsf3.o)
                              /usr/lib/gcc/avr/4.3.4/../../../avr/lib/avrxmega6/libscanf_flt.a(vfscanf_flt.o) (__mulsf3)
/usr/lib/gcc/avr/4.3.4/../../../avr/lib/avrxmega6/libm.a(mulsf3x.o)
                              /usr/lib/gcc/avr/4.3.4/../../../avr/lib/avrxmega6/libm.a(mulsf3.o) (__mulsf3x)
/usr/lib/gcc/avr/4.3.4/../../../avr/lib/avrxmega6/libm.a(fp_inf.o)
                              /usr/lib/gcc/avr/4.3.4/../../../avr/lib/avrxmega6/libm.a(mulsf3x.o) (__fp_inf)
/usr/lib/gcc/avr/4.3.4/../../../avr/lib/avrxmega6/libm.a(fp_nan.o)
                              /usr/lib/gcc/avr/4.3.4/../../../avr/lib/avrxmega6/libm.a(mulsf3x.o) (__fp_nan)
/usr/lib/gcc/avr/4.3.4/../../../avr/lib/avrxmega6/libm.a(fp_pscA.o)
                              /usr/lib/gcc/avr/4.3.4/../../../avr/lib/avrxmega6/libm.a(mulsf3x.o) (__fp_pscA)
/usr/lib/gcc/avr/4.3.4/../../../avr/lib/avrxmega6/libm.a(fp_pscB.o)
                              /usr/lib/gcc/avr/4.3.4/../../../avr/lib/avrxmega6/libm.a(mulsf3x.o) (__fp_pscB)
/usr/lib/gcc/avr/4.3.4/../../../avr/lib/avrxmega6/libm.a(fp_round.o)
                              /usr/lib/gcc/avr/4.3.4/../../../avr/lib/avrxmega6/libm.a(mulsf3.o) (__fp_round)
/usr/lib/gcc/avr/4.3.4/../../../avr/lib/avrxmega6/libm.a(fp_split3.o)
                              /usr/lib/gcc/avr/4.3.4/../../../avr/lib/avrxmega6/libm.a(mulsf3x.o) (__fp_split3)
/usr/lib/gcc/avr/4.3.4/../../../avr/lib/avrxmega6/libm.a(fp_zero.o)
                              /usr/lib/gcc/avr/4.3.4/../../../avr/lib/avrxmega6/libm.a(mulsf3x.o) (__fp_szero)
/usr/lib/gcc/avr/4.3.4/avrxmega6/libgcc.a(_exit.o)
                              /usr/lib/gcc/avr/4.3.4/../../../avr/lib/avrxmega6/crtx128a3.o (exit)
/usr/lib/gcc/avr/4.3.4/avrxmega6/libgcc.a(_clear_bss.o)
                              /usr/lib/gcc/avr/4.3.4/../../../avr/lib/avrxmega6/libprintf_flt.a(vfprintf_flt.o) (__do_clear_bss)
/usr/lib/gcc/avr/4.3.4/../../../avr/lib/avrxmega6/libc.a(ftoa_engine.o)
                              /usr/lib/gcc/avr/4.3.4/../../../avr/lib/avrxmega6/libprintf_flt.a(vfprintf_flt.o) (__ftoa_engine)
/usr/lib/gcc/avr/4.3.4/../../../avr/lib/avrxmega6/libc.a(isspace.o)
                              /usr/lib/gcc/avr/4.3.4/../../../avr/lib/avrxmega6/libscanf_flt.a(vfscanf_flt.o) (isspace)
/usr/lib/gcc/avr/4.3.4/../../../avr/lib/avrxmega6/libc.a(tolower.o)
                              /usr/lib/gcc/avr/4.3.4/../../../avr/lib/avrxmega6/libscanf_flt.a(vfscanf_flt.o) (tolower)
/usr/lib/gcc/avr/4.3.4/../../../avr/lib/avrxmega6/libc.a(strchr_P.o)
                              /usr/lib/gcc/avr/4.3.4/../../../avr/lib/avrxmega6/libscanf_flt.a(vfscanf_flt.o) (strchr_P)
/usr/lib/gcc/avr/4.3.4/../../../avr/lib/avrxmega6/libc.a(strnlen_P.o)
                              /usr/lib/gcc/avr/4.3.4/../../../avr/lib/avrxmega6/libprintf_flt.a(vfprintf_flt.o) (strnlen_P)
/usr/lib/gcc/avr/4.3.4/../../../avr/lib/avrxmega6/libc.a(strnlen.o)
                              /usr/lib/gcc/avr/4.3.4/../../../avr/lib/avrxmega6/libprintf_flt.a(vfprintf_flt.o) (strnlen)
/usr/lib/gcc/avr/4.3.4/../../../avr/lib/avrxmega6/libc.a(fgetc.o)
                              /usr/lib/gcc/avr/4.3.4/../../../avr/lib/avrxmega6/libscanf_flt.a(vfscanf_flt.o) (fgetc)
/usr/lib/gcc/avr/4.3.4/../../../avr/lib/avrxmega6/libc.a(fputc.o)
                              /usr/lib/gcc/avr/4.3.4/../../../avr/lib/avrxmega6/libprintf_flt.a(vfprintf_flt.o) (fputc)
/usr/lib/gcc/avr/4.3.4/../../../avr/lib/avrxmega6/libc.a(ungetc.o)
                              /usr/lib/gcc/avr/4.3.4/../../../avr/lib/avrxmega6/libscanf_flt.a(vfscanf_flt.o) (ungetc)
/usr/lib/gcc/avr/4.3.4/../../../avr/lib/avrxmega6/libc.a(ultoa_invert.o)
                              /usr/lib/gcc/avr/4.3.4/../../../avr/lib/avrxmega6/libprintf_flt.a(vfprintf_flt.o) (__ultoa_invert)
/usr/lib/gcc/avr/4.3.4/../../../avr/lib/avrxmega6/libc.a(cty_isfalse.o)
                              /usr/lib/gcc/avr/4.3.4/../../../avr/lib/avrxmega6/libc.a(isspace.o) (__ctype_isfalse)

Allocating common symbols
Common symbol       size              file

spiBuffer           0x8               fcu.o

Memory Configuration

Name             Origin             Length             Attributes
text             0x00000000         0x00100000         xr
data             0x00802000         0x0000ffa0         rw !x
eeprom           0x00810000         0x00010000         rw !x
fuse             0x00820000         0x00000400         rw !x
lock             0x00830000         0x00000400         rw !x
signature        0x00840000         0x00000400         rw !x
*default*        0x00000000         0xffffffff

Linker script and memory map

LOAD /usr/lib/gcc/avr/4.3.4/../../../avr/lib/avrxmega6/crtx128a3.o
LOAD /usr/lib/gcc/avr/4.3.4/../../../avr/lib/avrxmega6/libm.a
LOAD /usr/lib/gcc/avr/4.3.4/../../../avr/lib/avrxmega6/libprintf_flt.a
LOAD /usr/lib/gcc/avr/4.3.4/../../../avr/lib/avrxmega6/libscanf_flt.a
LOAD /usr/lib/gcc/avr/4.3.4/../../../avr/lib/avrxmega6/libm.a
LOAD fcu.o
LOAD spi_driver.o
LOAD /usr/lib/gcc/avr/4.3.4/avrxmega6/libgcc.a
LOAD /usr/lib/gcc/avr/4.3.4/../../../avr/lib/avrxmega6/libc.a
LOAD /usr/lib/gcc/avr/4.3.4/avrxmega6/libgcc.a

.hash
 *(.hash)

.dynsym
 *(.dynsym)

.dynstr
 *(.dynstr)

.gnu.version
 *(.gnu.version)

.gnu.version_d
 *(.gnu.version_d)

.gnu.version_r
 *(.gnu.version_r)

.rel.init
 *(.rel.init)

.rela.init
 *(.rela.init)

.rel.text
 *(.rel.text)
 *(.rel.text.*)
 *(.rel.gnu.linkonce.t*)

.rela.text
 *(.rela.text)
 *(.rela.text.*)
 *(.rela.gnu.linkonce.t*)

.rel.fini
 *(.rel.fini)

.rela.fini
 *(.rela.fini)

.rel.rodata
 *(.rel.rodata)
 *(.rel.rodata.*)
 *(.rel.gnu.linkonce.r*)

.rela.rodata
 *(.rela.rodata)
 *(.rela.rodata.*)
 *(.rela.gnu.linkonce.r*)

.rel.data
 *(.rel.data)
 *(.rel.data.*)
 *(.rel.gnu.linkonce.d*)

.rela.data
 *(.rela.data)
 *(.rela.data.*)
 *(.rela.gnu.linkonce.d*)

.rel.ctors
 *(.rel.ctors)

.rela.ctors
 *(.rela.ctors)

.rel.dtors
 *(.rel.dtors)

.rela.dtors
 *(.rela.dtors)

.rel.got
 *(.rel.got)

.rela.got
 *(.rela.got)

.rel.bss
 *(.rel.bss)

.rela.bss
 *(.rela.bss)

.rel.plt
 *(.rel.plt)

.rela.plt
 *(.rela.plt)

.text           0x00000000     0x1c0a
 *(.vectors)
 .vectors       0x00000000      0x1e8 /usr/lib/gcc/avr/4.3.4/../../../avr/lib/avrxmega6/crtx128a3.o
                0x00000000                __vectors
                0x00000000                __vector_default
 *(.vectors)
 *(.progmem.gcc*)
 *(.progmem*)
 .progmem.data  0x000001e8        0x8 /usr/lib/gcc/avr/4.3.4/../../../avr/lib/avrxmega6/libprintf_flt.a(vfprintf_flt.o)
 .progmem.data  0x000001f0       0x4d /usr/lib/gcc/avr/4.3.4/../../../avr/lib/avrxmega6/libscanf_flt.a(vfscanf_flt.o)
 .progmem.data  0x0000023d       0xfa /usr/lib/gcc/avr/4.3.4/../../../avr/lib/avrxmega6/libc.a(ftoa_engine.o)
                0x00000338                . = ALIGN (0x2)
 *fill*         0x00000337        0x1 00
                0x00000338                __trampolines_start = .
 *(.trampolines)
 .trampolines   0x00000338        0x0 linker stubs
 *(.trampolines*)
                0x00000338                __trampolines_end = .
 *(.jumptables)
 *(.jumptables*)
 *(.lowtext)
 *(.lowtext*)
                0x00000338                __ctors_start = .
 *(.ctors)
                0x00000338                __ctors_end = .
                0x00000338                __dtors_start = .
 *(.dtors)
                0x00000338                __dtors_end = .
 SORT(*)(.ctors)
 SORT(*)(.dtors)
 *(.init0)
 .init0         0x00000338        0x0 /usr/lib/gcc/avr/4.3.4/../../../avr/lib/avrxmega6/crtx128a3.o
                0x00000338                __init
 *(.init0)
 *(.init1)
 *(.init1)
 *(.init2)
 .init2         0x00000338       0x10 /usr/lib/gcc/avr/4.3.4/../../../avr/lib/avrxmega6/crtx128a3.o
 *(.init2)
 *(.init3)
 *(.init3)
 *(.init4)
 .init4         0x00000348       0x1a /usr/lib/gcc/avr/4.3.4/../../../avr/lib/avrxmega6/crtx128a3.o
                0x00000348                __do_copy_data
 .init4         0x00000362       0x10 /usr/lib/gcc/avr/4.3.4/avrxmega6/libgcc.a(_clear_bss.o)
                0x00000362                __do_clear_bss
 *(.init4)
 *(.init5)
 *(.init5)
 *(.init6)
 *(.init6)
 *(.init7)
 *(.init7)
 *(.init8)
 *(.init8)
 *(.init9)
 .init9         0x00000372        0x8 /usr/lib/gcc/avr/4.3.4/../../../avr/lib/avrxmega6/crtx128a3.o
 *(.init9)
 *(.text)
 .text          0x0000037a        0x4 /usr/lib/gcc/avr/4.3.4/../../../avr/lib/avrxmega6/crtx128a3.o
                0x0000037a                __vector_38
                0x0000037a                __vector_104
                0x0000037a                __vector_22
                0x0000037a                __vector_63
                0x0000037a                __vector_28
                0x0000037a                __vector_67
                0x0000037a                __vector_1
                0x0000037a                __vector_119
                0x0000037a                __vector_32
                0x0000037a                __vector_75
                0x0000037a                __vector_71
                0x0000037a                __vector_91
                0x0000037a                __vector_34
                0x0000037a                __vector_62
                0x0000037a                __vector_77
                0x0000037a                __vector_102
                0x0000037a                __vector_24
                0x0000037a                __vector_12
                0x0000037a                __vector_55
                0x0000037a                __vector_69
                0x0000037a                __vector_81
                0x0000037a                __vector_90
                0x0000037a                __vector_46
                0x0000037a                __bad_interrupt
                0x0000037a                __vector_72
                0x0000037a                __vector_114
                0x0000037a                __vector_6
                0x0000037a                __vector_110
                0x0000037a                __vector_31
                0x0000037a                __vector_92
                0x0000037a                __vector_35
                0x0000037a                __vector_78
                0x0000037a                __vector_74
                0x0000037a                __vector_117
                0x0000037a                __vector_39
                0x0000037a                __vector_107
                0x0000037a                __vector_3
                0x0000037a                __vector_105
                0x0000037a                __vector_98
                0x0000037a                __vector_23
                0x0000037a                __vector_68
                0x0000037a                __vector_30
                0x0000037a                __vector_73
                0x0000037a                __vector_45
                0x0000037a                __vector_25
                0x0000037a                __vector_93
                0x0000037a                __vector_61
                0x0000037a                __vector_11
                0x0000037a                __vector_54
                0x0000037a                __vector_99
                0x0000037a                __vector_13
                0x0000037a                __vector_17
                0x0000037a                __vector_19
                0x0000037a                __vector_56
                0x0000037a                __vector_7
                0x0000037a                __vector_49
                0x0000037a                __vector_41
                0x0000037a                __vector_86
                0x0000037a                __vector_100
                0x0000037a                __vector_101
                0x0000037a                __vector_64
                0x0000037a                __vector_88
                0x0000037a                __vector_109
                0x0000037a                __vector_43
                0x0000037a                __vector_27
                0x0000037a                __vector_5
                0x0000037a                __vector_113
                0x0000037a                __vector_33
                0x0000037a                __vector_76
                0x0000037a                __vector_115
                0x0000037a                __vector_47
                0x0000037a                __vector_52
                0x0000037a                __vector_37
                0x0000037a                __vector_95
                0x0000037a                __vector_103
                0x0000037a                __vector_96
                0x0000037a                __vector_89
                0x0000037a                __vector_108
                0x0000037a                __vector_4
                0x0000037a                __vector_44
                0x0000037a                __vector_82
                0x0000037a                __vector_106
                0x0000037a                __vector_118
                0x0000037a                __vector_51
                0x0000037a                __vector_9
                0x0000037a                __vector_2
                0x0000037a                __vector_21
                0x0000037a                __vector_15
                0x0000037a                __vector_66
                0x0000037a                __vector_36
                0x0000037a                __vector_79
                0x0000037a                __vector_58
                0x0000037a                __vector_70
                0x0000037a                __vector_83
                0x0000037a                __vector_29
                0x0000037a                __vector_60
                0x0000037a                __vector_121
                0x0000037a                __vector_40
                0x0000037a                __vector_85
                0x0000037a                __vector_94
                0x0000037a                __vector_8
                0x0000037a                __vector_26
                0x0000037a                __vector_48
                0x0000037a                __vector_116
                0x0000037a                __vector_112
                0x0000037a                __vector_111
                0x0000037a                __vector_80
                0x0000037a                __vector_14
                0x0000037a                __vector_84
                0x0000037a                __vector_57
                0x0000037a                __vector_53
                0x0000037a                __vector_10
                0x0000037a                __vector_50
                0x0000037a                __vector_16
                0x0000037a                __vector_59
                0x0000037a                __vector_18
                0x0000037a                __vector_97
                0x0000037a                __vector_20
                0x0000037a                __vector_42
                0x0000037a                __vector_87
                0x0000037a                __vector_65
                0x0000037a                __vector_120
 .text          0x0000037e        0x0 /usr/lib/gcc/avr/4.3.4/../../../avr/lib/avrxmega6/libprintf_flt.a(vfprintf_flt.o)
 .text          0x0000037e        0x0 /usr/lib/gcc/avr/4.3.4/../../../avr/lib/avrxmega6/libscanf_flt.a(vfscanf_flt.o)
 .text          0x0000037e        0x0 /usr/lib/gcc/avr/4.3.4/../../../avr/lib/avrxmega6/libm.a(floatsisf.o)
 .text          0x0000037e        0x0 /usr/lib/gcc/avr/4.3.4/../../../avr/lib/avrxmega6/libm.a(mulsf3.o)
 .text          0x0000037e        0x0 /usr/lib/gcc/avr/4.3.4/../../../avr/lib/avrxmega6/libm.a(mulsf3x.o)
 .text          0x0000037e        0x0 /usr/lib/gcc/avr/4.3.4/../../../avr/lib/avrxmega6/libm.a(fp_inf.o)
 .text          0x0000037e        0x0 /usr/lib/gcc/avr/4.3.4/../../../avr/lib/avrxmega6/libm.a(fp_nan.o)
 .text          0x0000037e        0x0 /usr/lib/gcc/avr/4.3.4/../../../avr/lib/avrxmega6/libm.a(fp_pscA.o)
 .text          0x0000037e        0x0 /usr/lib/gcc/avr/4.3.4/../../../avr/lib/avrxmega6/libm.a(fp_pscB.o)
 .text          0x0000037e        0x0 /usr/lib/gcc/avr/4.3.4/../../../avr/lib/avrxmega6/libm.a(fp_round.o)
 .text          0x0000037e        0x0 /usr/lib/gcc/avr/4.3.4/../../../avr/lib/avrxmega6/libm.a(fp_split3.o)
 .text          0x0000037e        0x0 /usr/lib/gcc/avr/4.3.4/../../../avr/lib/avrxmega6/libm.a(fp_zero.o)
 .text          0x0000037e       0x84 fcu.o
                0x0000037e                main
                0x000003d8                spiInit
 .text          0x00000402      0x268 spi_driver.o
                0x00000402                SPI_MasterInit
                0x00000466                SPI_SlaveInit
                0x000004a4                SPI_MasterCreateDataPacket
                0x000004c8                SPI_MasterInterruptHandler
                0x00000546                SPI_MasterInterruptTransceivePacket
                0x000005ca                SPI_MasterTransceiveByte
                0x000005e4                SPI_MasterTransceivePacket
 .text          0x0000066a        0x0 /usr/lib/gcc/avr/4.3.4/avrxmega6/libgcc.a(_exit.o)
 .text          0x0000066a        0x0 /usr/lib/gcc/avr/4.3.4/avrxmega6/libgcc.a(_clear_bss.o)
 .text          0x0000066a        0x0 /usr/lib/gcc/avr/4.3.4/../../../avr/lib/avrxmega6/libc.a(ftoa_engine.o)
 .text          0x0000066a        0x0 /usr/lib/gcc/avr/4.3.4/../../../avr/lib/avrxmega6/libc.a(isspace.o)
 .text          0x0000066a        0x0 /usr/lib/gcc/avr/4.3.4/../../../avr/lib/avrxmega6/libc.a(tolower.o)
 .text          0x0000066a        0x0 /usr/lib/gcc/avr/4.3.4/../../../avr/lib/avrxmega6/libc.a(strchr_P.o)
 .text          0x0000066a        0x0 /usr/lib/gcc/avr/4.3.4/../../../avr/lib/avrxmega6/libc.a(strnlen_P.o)
 .text          0x0000066a        0x0 /usr/lib/gcc/avr/4.3.4/../../../avr/lib/avrxmega6/libc.a(strnlen.o)
 .text          0x0000066a        0x0 /usr/lib/gcc/avr/4.3.4/../../../avr/lib/avrxmega6/libc.a(fgetc.o)
 .text          0x0000066a        0x0 /usr/lib/gcc/avr/4.3.4/../../../avr/lib/avrxmega6/libc.a(fputc.o)
 .text          0x0000066a        0x0 /usr/lib/gcc/avr/4.3.4/../../../avr/lib/avrxmega6/libc.a(ungetc.o)
 .text          0x0000066a        0x0 /usr/lib/gcc/avr/4.3.4/../../../avr/lib/avrxmega6/libc.a(ultoa_invert.o)
 .text          0x0000066a        0x0 /usr/lib/gcc/avr/4.3.4/../../../avr/lib/avrxmega6/libc.a(cty_isfalse.o)
                0x0000066a                . = ALIGN (0x2)
 *(.text.*)
 .text.avr-libc
                0x0000066a      0x758 /usr/lib/gcc/avr/4.3.4/../../../avr/lib/avrxmega6/libprintf_flt.a(vfprintf_flt.o)
                0x0000066a                vfprintf
 .text.avr-libc
                0x00000dc2      0x87e /usr/lib/gcc/avr/4.3.4/../../../avr/lib/avrxmega6/libscanf_flt.a(vfscanf_flt.o)
                0x000013c4                vfscanf
 .text.avr-libc.fplib
                0x00001640       0x7a /usr/lib/gcc/avr/4.3.4/../../../avr/lib/avrxmega6/libm.a(floatsisf.o)
                0x00001640                __floatunsisf
                0x00001644                __floatsisf
 .text.avr-libc.fplib
                0x000016ba        0x4 /usr/lib/gcc/avr/4.3.4/../../../avr/lib/avrxmega6/libm.a(mulsf3.o)
                0x000016ba                __mulsf3
 .text.avr-libc.fplib
                0x000016be       0xc2 /usr/lib/gcc/avr/4.3.4/../../../avr/lib/avrxmega6/libm.a(mulsf3x.o)
                0x000016d2                __mulsf3x
                0x000016d6                __mulsf3_pse
 .text.avr-libc.fplib
                0x00001780        0xc /usr/lib/gcc/avr/4.3.4/../../../avr/lib/avrxmega6/libm.a(fp_inf.o)
                0x00001780                __fp_inf
 .text.avr-libc.fplib
                0x0000178c        0x6 /usr/lib/gcc/avr/4.3.4/../../../avr/lib/avrxmega6/libm.a(fp_nan.o)
                0x0000178c                __fp_nan
 .text.avr-libc.fplib
                0x00001792        0xe /usr/lib/gcc/avr/4.3.4/../../../avr/lib/avrxmega6/libm.a(fp_pscA.o)
                0x00001792                __fp_pscA
 .text.avr-libc.fplib
                0x000017a0        0xe /usr/lib/gcc/avr/4.3.4/../../../avr/lib/avrxmega6/libm.a(fp_pscB.o)
                0x000017a0                __fp_pscB
 .text.avr-libc.fplib
                0x000017ae       0x22 /usr/lib/gcc/avr/4.3.4/../../../avr/lib/avrxmega6/libm.a(fp_round.o)
                0x000017ae                __fp_round
 .text.avr-libc.fplib
                0x000017d0       0x44 /usr/lib/gcc/avr/4.3.4/../../../avr/lib/avrxmega6/libm.a(fp_split3.o)
                0x000017d0                __fp_split3
                0x000017e0                __fp_splitA
 .text.avr-libc.fplib
                0x00001814        0xe /usr/lib/gcc/avr/4.3.4/../../../avr/lib/avrxmega6/libm.a(fp_zero.o)
                0x00001814                __fp_zero
                0x00001816                __fp_szero
 .text.libgcc   0x00001822        0x0 /usr/lib/gcc/avr/4.3.4/avrxmega6/libgcc.a(_exit.o)
 .text.libgcc   0x00001822        0x0 /usr/lib/gcc/avr/4.3.4/avrxmega6/libgcc.a(_clear_bss.o)
 .text.avr-libc
                0x00001822      0x1b0 /usr/lib/gcc/avr/4.3.4/../../../avr/lib/avrxmega6/libc.a(ftoa_engine.o)
                0x00001822                __ftoa_engine
 .text.avr-libc
                0x000019d2       0x10 /usr/lib/gcc/avr/4.3.4/../../../avr/lib/avrxmega6/libc.a(isspace.o)
                0x000019d2                isspace
 .text.avr-libc
                0x000019e2       0x10 /usr/lib/gcc/avr/4.3.4/../../../avr/lib/avrxmega6/libc.a(tolower.o)
                0x000019e2                tolower
 .text.avr-libc
                0x000019f2       0x16 /usr/lib/gcc/avr/4.3.4/../../../avr/lib/avrxmega6/libc.a(strchr_P.o)
                0x000019f2                strchr_P
 .text.avr-libc
                0x00001a08       0x16 /usr/lib/gcc/avr/4.3.4/../../../avr/lib/avrxmega6/libc.a(strnlen_P.o)
                0x00001a08                strnlen_P
 .text.avr-libc
                0x00001a1e       0x16 /usr/lib/gcc/avr/4.3.4/../../../avr/lib/avrxmega6/libc.a(strnlen.o)
                0x00001a1e                strnlen
 .text.avr-libc
                0x00001a34       0x84 /usr/lib/gcc/avr/4.3.4/../../../avr/lib/avrxmega6/libc.a(fgetc.o)
                0x00001a34                fgetc
 .text.avr-libc
                0x00001ab8       0x58 /usr/lib/gcc/avr/4.3.4/../../../avr/lib/avrxmega6/libc.a(fputc.o)
                0x00001ab8                fputc
 .text.avr-libc
                0x00001b10       0x34 /usr/lib/gcc/avr/4.3.4/../../../avr/lib/avrxmega6/libc.a(ungetc.o)
                0x00001b10                ungetc
 .text.avr-libc
                0x00001b44       0xbc /usr/lib/gcc/avr/4.3.4/../../../avr/lib/avrxmega6/libc.a(ultoa_invert.o)
                0x00001b44                __ultoa_invert
 .text.avr-libc
                0x00001c00        0x6 /usr/lib/gcc/avr/4.3.4/../../../avr/lib/avrxmega6/libc.a(cty_isfalse.o)
                0x00001c00                __ctype_isfalse
                0x00001c04                __ctype_istrue
                0x00001c06                . = ALIGN (0x2)
 *(.fini9)
 .fini9         0x00001c06        0x0 /usr/lib/gcc/avr/4.3.4/avrxmega6/libgcc.a(_exit.o)
                0x00001c06                exit
                0x00001c06                _exit
 *(.fini9)
 *(.fini8)
 *(.fini8)
 *(.fini7)
 *(.fini7)
 *(.fini6)
 *(.fini6)
 *(.fini5)
 *(.fini5)
 *(.fini4)
 *(.fini4)
 *(.fini3)
 *(.fini3)
 *(.fini2)
 *(.fini2)
 *(.fini1)
 *(.fini1)
 *(.fini0)
 .fini0         0x00001c06        0x4 /usr/lib/gcc/avr/4.3.4/avrxmega6/libgcc.a(_exit.o)
 *(.fini0)
                0x00001c0a                _etext = .

.data           0x00802000        0x0 load address 0x00001c0a
                0x00802000                PROVIDE (__data_start, .)
 *(.data)
 .data          0x00802000        0x0 /usr/lib/gcc/avr/4.3.4/../../../avr/lib/avrxmega6/crtx128a3.o
 .data          0x00802000        0x0 /usr/lib/gcc/avr/4.3.4/../../../avr/lib/avrxmega6/libprintf_flt.a(vfprintf_flt.o)
 .data          0x00802000        0x0 /usr/lib/gcc/avr/4.3.4/../../../avr/lib/avrxmega6/libscanf_flt.a(vfscanf_flt.o)
 .data          0x00802000        0x0 /usr/lib/gcc/avr/4.3.4/../../../avr/lib/avrxmega6/libm.a(floatsisf.o)
 .data          0x00802000        0x0 /usr/lib/gcc/avr/4.3.4/../../../avr/lib/avrxmega6/libm.a(mulsf3.o)
 .data          0x00802000        0x0 /usr/lib/gcc/avr/4.3.4/../../../avr/lib/avrxmega6/libm.a(mulsf3x.o)
 .data          0x00802000        0x0 /usr/lib/gcc/avr/4.3.4/../../../avr/lib/avrxmega6/libm.a(fp_inf.o)
 .data          0x00802000        0x0 /usr/lib/gcc/avr/4.3.4/../../../avr/lib/avrxmega6/libm.a(fp_nan.o)
 .data          0x00802000        0x0 /usr/lib/gcc/avr/4.3.4/../../../avr/lib/avrxmega6/libm.a(fp_pscA.o)
 .data          0x00802000        0x0 /usr/lib/gcc/avr/4.3.4/../../../avr/lib/avrxmega6/libm.a(fp_pscB.o)
 .data          0x00802000        0x0 /usr/lib/gcc/avr/4.3.4/../../../avr/lib/avrxmega6/libm.a(fp_round.o)
 .data          0x00802000        0x0 /usr/lib/gcc/avr/4.3.4/../../../avr/lib/avrxmega6/libm.a(fp_split3.o)
 .data          0x00802000        0x0 /usr/lib/gcc/avr/4.3.4/../../../avr/lib/avrxmega6/libm.a(fp_zero.o)
 .data          0x00802000        0x0 fcu.o
 .data          0x00802000        0x0 spi_driver.o
 .data          0x00802000        0x0 /usr/lib/gcc/avr/4.3.4/avrxmega6/libgcc.a(_exit.o)
 .data          0x00802000        0x0 /usr/lib/gcc/avr/4.3.4/avrxmega6/libgcc.a(_clear_bss.o)
 .data          0x00802000        0x0 /usr/lib/gcc/avr/4.3.4/../../../avr/lib/avrxmega6/libc.a(ftoa_engine.o)
 .data          0x00802000        0x0 /usr/lib/gcc/avr/4.3.4/../../../avr/lib/avrxmega6/libc.a(isspace.o)
 .data          0x00802000        0x0 /usr/lib/gcc/avr/4.3.4/../../../avr/lib/avrxmega6/libc.a(tolower.o)
 .data          0x00802000        0x0 /usr/lib/gcc/avr/4.3.4/../../../avr/lib/avrxmega6/libc.a(strchr_P.o)
 .data          0x00802000        0x0 /usr/lib/gcc/avr/4.3.4/../../../avr/lib/avrxmega6/libc.a(strnlen_P.o)
 .data          0x00802000        0x0 /usr/lib/gcc/avr/4.3.4/../../../avr/lib/avrxmega6/libc.a(strnlen.o)
 .data          0x00802000        0x0 /usr/lib/gcc/avr/4.3.4/../../../avr/lib/avrxmega6/libc.a(fgetc.o)
 .data          0x00802000        0x0 /usr/lib/gcc/avr/4.3.4/../../../avr/lib/avrxmega6/libc.a(fputc.o)
 .data          0x00802000        0x0 /usr/lib/gcc/avr/4.3.4/../../../avr/lib/avrxmega6/libc.a(ungetc.o)
 .data          0x00802000        0x0 /usr/lib/gcc/avr/4.3.4/../../../avr/lib/avrxmega6/libc.a(ultoa_invert.o)
 .data          0x00802000        0x0 /usr/lib/gcc/avr/4.3.4/../../../avr/lib/avrxmega6/libc.a(cty_isfalse.o)
 *(.data*)
 *(.rodata)
 *(.rodata*)
 *(.gnu.linkonce.d*)
                0x00802000                . = ALIGN (0x2)
                0x00802000                _edata = .
                0x00802000                PROVIDE (__data_end, .)

.bss            0x00802000        0x8
                0x00802000                PROVIDE (__bss_start, .)
 *(.bss)
 .bss           0x00802000        0x0 /usr/lib/gcc/avr/4.3.4/../../../avr/lib/avrxmega6/crtx128a3.o
 .bss           0x00802000        0x0 /usr/lib/gcc/avr/4.3.4/../../../avr/lib/avrxmega6/libprintf_flt.a(vfprintf_flt.o)
 .bss           0x00802000        0x0 /usr/lib/gcc/avr/4.3.4/../../../avr/lib/avrxmega6/libscanf_flt.a(vfscanf_flt.o)
 .bss           0x00802000        0x0 /usr/lib/gcc/avr/4.3.4/../../../avr/lib/avrxmega6/libm.a(floatsisf.o)
 .bss           0x00802000        0x0 /usr/lib/gcc/avr/4.3.4/../../../avr/lib/avrxmega6/libm.a(mulsf3.o)
 .bss           0x00802000        0x0 /usr/lib/gcc/avr/4.3.4/../../../avr/lib/avrxmega6/libm.a(mulsf3x.o)
 .bss           0x00802000        0x0 /usr/lib/gcc/avr/4.3.4/../../../avr/lib/avrxmega6/libm.a(fp_inf.o)
 .bss           0x00802000        0x0 /usr/lib/gcc/avr/4.3.4/../../../avr/lib/avrxmega6/libm.a(fp_nan.o)
 .bss           0x00802000        0x0 /usr/lib/gcc/avr/4.3.4/../../../avr/lib/avrxmega6/libm.a(fp_pscA.o)
 .bss           0x00802000        0x0 /usr/lib/gcc/avr/4.3.4/../../../avr/lib/avrxmega6/libm.a(fp_pscB.o)
 .bss           0x00802000        0x0 /usr/lib/gcc/avr/4.3.4/../../../avr/lib/avrxmega6/libm.a(fp_round.o)
 .bss           0x00802000        0x0 /usr/lib/gcc/avr/4.3.4/../../../avr/lib/avrxmega6/libm.a(fp_split3.o)
 .bss           0x00802000        0x0 /usr/lib/gcc/avr/4.3.4/../../../avr/lib/avrxmega6/libm.a(fp_zero.o)
 .bss           0x00802000        0x0 fcu.o
 .bss           0x00802000        0x0 spi_driver.o
 .bss           0x00802000        0x0 /usr/lib/gcc/avr/4.3.4/avrxmega6/libgcc.a(_exit.o)
 .bss           0x00802000        0x0 /usr/lib/gcc/avr/4.3.4/avrxmega6/libgcc.a(_clear_bss.o)
 .bss           0x00802000        0x0 /usr/lib/gcc/avr/4.3.4/../../../avr/lib/avrxmega6/libc.a(ftoa_engine.o)
 .bss           0x00802000        0x0 /usr/lib/gcc/avr/4.3.4/../../../avr/lib/avrxmega6/libc.a(isspace.o)
 .bss           0x00802000        0x0 /usr/lib/gcc/avr/4.3.4/../../../avr/lib/avrxmega6/libc.a(tolower.o)
 .bss           0x00802000        0x0 /usr/lib/gcc/avr/4.3.4/../../../avr/lib/avrxmega6/libc.a(strchr_P.o)
 .bss           0x00802000        0x0 /usr/lib/gcc/avr/4.3.4/../../../avr/lib/avrxmega6/libc.a(strnlen_P.o)
 .bss           0x00802000        0x0 /usr/lib/gcc/avr/4.3.4/../../../avr/lib/avrxmega6/libc.a(strnlen.o)
 .bss           0x00802000        0x0 /usr/lib/gcc/avr/4.3.4/../../../avr/lib/avrxmega6/libc.a(fgetc.o)
 .bss           0x00802000        0x0 /usr/lib/gcc/avr/4.3.4/../../../avr/lib/avrxmega6/libc.a(fputc.o)
 .bss           0x00802000        0x0 /usr/lib/gcc/avr/4.3.4/../../../avr/lib/avrxmega6/libc.a(ungetc.o)
 .bss           0x00802000        0x0 /usr/lib/gcc/avr/4.3.4/../../../avr/lib/avrxmega6/libc.a(ultoa_invert.o)
 .bss           0x00802000        0x0 /usr/lib/gcc/avr/4.3.4/../../../avr/lib/avrxmega6/libc.a(cty_isfalse.o)
 *(.bss*)
 *(COMMON)
 COMMON         0x00802000        0x8 fcu.o
                0x00802000                spiBuffer
                0x00802008                PROVIDE (__bss_end, .)
                0x00001c0a                __data_load_start = LOADADDR (.data)
                0x00001c0a                __data_load_end = (__data_load_start + SIZEOF (.data))

.noinit         0x00802008        0x0
                0x00802008                PROVIDE (__noinit_start, .)
 *(.noinit*)
                0x00802008                PROVIDE (__noinit_end, .)
                0x00802008                _end = .
                0x00802008                PROVIDE (__heap_start, .)

.eeprom         0x00810000        0x0
 *(.eeprom*)
                0x00810000                __eeprom_end = .

.fuse
 *(.fuse)
 *(.lfuse)
 *(.hfuse)
 *(.efuse)

.lock
 *(.lock*)

.signature
 *(.signature*)

.stab           0x00000000     0x4cf8
 *(.stab)
 .stab          0x00000000      0x768 /usr/lib/gcc/avr/4.3.4/../../../avr/lib/avrxmega6/crtx128a3.o
 .stab          0x00000768     0x1038 /usr/lib/gcc/avr/4.3.4/../../../avr/lib/avrxmega6/libprintf_flt.a(vfprintf_flt.o)
                               0x1044 (size before relaxing)
 .stab          0x000017a0      0xff0 /usr/lib/gcc/avr/4.3.4/../../../avr/lib/avrxmega6/libscanf_flt.a(vfscanf_flt.o)
                               0x1290 (size before relaxing)
 .stab          0x00002790      0x318 /usr/lib/gcc/avr/4.3.4/../../../avr/lib/avrxmega6/libm.a(floatsisf.o)
                                0x324 (size before relaxing)
 .stab          0x00002aa8       0x48 /usr/lib/gcc/avr/4.3.4/../../../avr/lib/avrxmega6/libm.a(mulsf3.o)
                                 0x54 (size before relaxing)
 .stab          0x00002af0      0x4d4 /usr/lib/gcc/avr/4.3.4/../../../avr/lib/avrxmega6/libm.a(mulsf3x.o)
                                0x4e0 (size before relaxing)
 .stab          0x00002fc4       0x78 /usr/lib/gcc/avr/4.3.4/../../../avr/lib/avrxmega6/libm.a(fp_inf.o)
                                 0x84 (size before relaxing)
 .stab          0x0000303c       0x54 /usr/lib/gcc/avr/4.3.4/../../../avr/lib/avrxmega6/libm.a(fp_nan.o)
                                 0x60 (size before relaxing)
 .stab          0x00003090       0x84 /usr/lib/gcc/avr/4.3.4/../../../avr/lib/avrxmega6/libm.a(fp_pscA.o)
                                 0x90 (size before relaxing)
 .stab          0x00003114       0x84 /usr/lib/gcc/avr/4.3.4/../../../avr/lib/avrxmega6/libm.a(fp_pscB.o)
                                 0x90 (size before relaxing)
 .stab          0x00003198       0xfc /usr/lib/gcc/avr/4.3.4/../../../avr/lib/avrxmega6/libm.a(fp_round.o)
                                0x108 (size before relaxing)
 .stab          0x00003294      0x1d4 /usr/lib/gcc/avr/4.3.4/../../../avr/lib/avrxmega6/libm.a(fp_split3.o)
                                0x1e0 (size before relaxing)
 .stab          0x00003468       0x90 /usr/lib/gcc/avr/4.3.4/../../../avr/lib/avrxmega6/libm.a(fp_zero.o)
                                 0x9c (size before relaxing)
 .stab          0x000034f8      0xa38 /usr/lib/gcc/avr/4.3.4/../../../avr/lib/avrxmega6/libc.a(ftoa_engine.o)
                                0xa44 (size before relaxing)
 .stab          0x00003f30       0x9c /usr/lib/gcc/avr/4.3.4/../../../avr/lib/avrxmega6/libc.a(isspace.o)
                                 0xa8 (size before relaxing)
 .stab          0x00003fcc       0x9c /usr/lib/gcc/avr/4.3.4/../../../avr/lib/avrxmega6/libc.a(tolower.o)
                                 0xa8 (size before relaxing)
 .stab          0x00004068       0x9c /usr/lib/gcc/avr/4.3.4/../../../avr/lib/avrxmega6/libc.a(strchr_P.o)
                                 0xa8 (size before relaxing)
 .stab          0x00004104       0x9c /usr/lib/gcc/avr/4.3.4/../../../avr/lib/avrxmega6/libc.a(strnlen_P.o)
                                 0xa8 (size before relaxing)
 .stab          0x000041a0       0x9c /usr/lib/gcc/avr/4.3.4/../../../avr/lib/avrxmega6/libc.a(strnlen.o)
                                 0xa8 (size before relaxing)
 .stab          0x0000423c      0x24c /usr/lib/gcc/avr/4.3.4/../../../avr/lib/avrxmega6/libc.a(fgetc.o)
                                0x42c (size before relaxing)
 .stab          0x00004488      0x1d4 /usr/lib/gcc/avr/4.3.4/../../../avr/lib/avrxmega6/libc.a(fputc.o)
                                0x3b4 (size before relaxing)
 .stab          0x0000465c      0x1bc /usr/lib/gcc/avr/4.3.4/../../../avr/lib/avrxmega6/libc.a(ungetc.o)
                                0x39c (size before relaxing)
 .stab          0x00004818      0x480 /usr/lib/gcc/avr/4.3.4/../../../avr/lib/avrxmega6/libc.a(ultoa_invert.o)
                                0x48c (size before relaxing)
 .stab          0x00004c98       0x60 /usr/lib/gcc/avr/4.3.4/../../../avr/lib/avrxmega6/libc.a(cty_isfalse.o)
                                 0x6c (size before relaxing)

.stabstr        0x00000000     0x131d
 *(.stabstr)
 .stabstr       0x00000000     0x131d /usr/lib/gcc/avr/4.3.4/../../../avr/lib/avrxmega6/crtx128a3.o

.stab.excl
 *(.stab.excl)

.stab.exclstr
 *(.stab.exclstr)

.stab.index
 *(.stab.index)

.stab.indexstr
 *(.stab.indexstr)

.comment
 *(.comment)

.debug
 *(.debug)

.line
 *(.line)

.debug_srcinfo
 *(.debug_srcinfo)

.debug_sfnames
 *(.debug_sfnames)

.debug_aranges
 *(.debug_aranges)

.debug_pubnames
 *(.debug_pubnames)

.debug_info
 *(.debug_info)
 *(.gnu.linkonce.wi.*)

.debug_abbrev
 *(.debug_abbrev)

.debug_line
 *(.debug_line)

.debug_frame
 *(.debug_frame)

.debug_str
 *(.debug_str)

.debug_loc
 *(.debug_loc)

.debug_macinfo
 *(.debug_macinfo)
OUTPUT(fcu.out elf32-avr)
LOAD linker stubs
