Archive member included because of file (symbol)

/usr/lib/gcc/avr/4.3.4/avrxmega6/libgcc.a(_exit.o)
                              /usr/lib/gcc/avr/4.3.4/../../../avr/lib/avrxmega6/crtx128a3.o (exit)
/usr/lib/gcc/avr/4.3.4/avrxmega6/libgcc.a(_clear_bss.o)
                              xboot.o (__do_clear_bss)

Allocating common symbols
Common symbol       size              file

comm_mode           0x1               xboot.o

Memory Configuration

Name             Origin             Length             Attributes
text             0x00000000         0x00100000         xr
data             0x00802000         0x0000ffa0         rw !x
eeprom           0x00810000         0x00010000         rw !x
fuse             0x00820000         0x00000400         rw !x
lock             0x00830000         0x00000400         rw !x
signature        0x00840000         0x00000400         rw !x
*default*        0x00000000         0xffffffff

Linker script and memory map

LOAD /usr/lib/gcc/avr/4.3.4/../../../avr/lib/avrxmega6/crtx128a3.o
LOAD xboot.o
LOAD eeprom_driver.o
LOAD uart.o
LOAD i2c.o
LOAD watchdog.o
LOAD sp_driver.o
LOAD /usr/lib/gcc/avr/4.3.4/../../../avr/lib/avrxmega6/libm.a
Address of section .text set to 0x20000
LOAD /usr/lib/gcc/avr/4.3.4/avrxmega6/libgcc.a
LOAD /usr/lib/gcc/avr/4.3.4/../../../avr/lib/avrxmega6/libc.a
LOAD /usr/lib/gcc/avr/4.3.4/avrxmega6/libgcc.a

.hash
 *(.hash)

.dynsym
 *(.dynsym)

.dynstr
 *(.dynstr)

.gnu.version
 *(.gnu.version)

.gnu.version_d
 *(.gnu.version_d)

.gnu.version_r
 *(.gnu.version_r)

.rel.init
 *(.rel.init)

.rela.init
 *(.rela.init)

.rel.text
 *(.rel.text)
 *(.rel.text.*)
 *(.rel.gnu.linkonce.t*)

.rela.text
 *(.rela.text)
 *(.rela.text.*)
 *(.rela.gnu.linkonce.t*)

.rel.fini
 *(.rel.fini)

.rela.fini
 *(.rela.fini)

.rel.rodata
 *(.rel.rodata)
 *(.rel.rodata.*)
 *(.rel.gnu.linkonce.r*)

.rela.rodata
 *(.rela.rodata)
 *(.rela.rodata.*)
 *(.rela.gnu.linkonce.r*)

.rel.data
 *(.rel.data)
 *(.rel.data.*)
 *(.rel.gnu.linkonce.d*)

.rela.data
 *(.rela.data)
 *(.rela.data.*)
 *(.rela.gnu.linkonce.d*)

.rel.ctors
 *(.rel.ctors)

.rela.ctors
 *(.rela.ctors)

.rel.dtors
 *(.rel.dtors)

.rela.dtors
 *(.rela.dtors)

.rel.got
 *(.rel.got)

.rela.got
 *(.rela.got)

.rel.bss
 *(.rel.bss)

.rela.bss
 *(.rela.bss)

.rel.plt
 *(.rel.plt)

.rela.plt
 *(.rela.plt)

.text           0x00020000      0xcf6
 *(.vectors)
 .vectors       0x00020000      0x1e8 /usr/lib/gcc/avr/4.3.4/../../../avr/lib/avrxmega6/crtx128a3.o
                0x00020000                __vectors
                0x00020000                __vector_default
 *(.vectors)
 *(.progmem.gcc*)
 *(.progmem*)
                0x000201e8                . = ALIGN (0x2)
                0x000201e8                __trampolines_start = .
 *(.trampolines)
 .trampolines   0x000201e8        0x0 linker stubs
 *(.trampolines*)
                0x000201e8                __trampolines_end = .
 *(.jumptables)
 *(.jumptables*)
 *(.lowtext)
 *(.lowtext*)
                0x000201e8                __ctors_start = .
 *(.ctors)
                0x000201e8                __ctors_end = .
                0x000201e8                __dtors_start = .
 *(.dtors)
                0x000201e8                __dtors_end = .
 SORT(*)(.ctors)
 SORT(*)(.dtors)
 *(.init0)
 .init0         0x000201e8        0x0 /usr/lib/gcc/avr/4.3.4/../../../avr/lib/avrxmega6/crtx128a3.o
                0x000201e8                __init
 *(.init0)
 *(.init1)
 *(.init1)
 *(.init2)
 .init2         0x000201e8       0x10 /usr/lib/gcc/avr/4.3.4/../../../avr/lib/avrxmega6/crtx128a3.o
 *(.init2)
 *(.init3)
 *(.init3)
 *(.init4)
 .init4         0x000201f8       0x1a /usr/lib/gcc/avr/4.3.4/../../../avr/lib/avrxmega6/crtx128a3.o
                0x000201f8                __do_copy_data
 .init4         0x00020212       0x10 /usr/lib/gcc/avr/4.3.4/avrxmega6/libgcc.a(_clear_bss.o)
                0x00020212                __do_clear_bss
 *(.init4)
 *(.init5)
 *(.init5)
 *(.init6)
 *(.init6)
 *(.init7)
 *(.init7)
 *(.init8)
 *(.init8)
 *(.init9)
 .init9         0x00020222        0x8 /usr/lib/gcc/avr/4.3.4/../../../avr/lib/avrxmega6/crtx128a3.o
 *(.init9)
 *(.text)
 .text          0x0002022a        0x4 /usr/lib/gcc/avr/4.3.4/../../../avr/lib/avrxmega6/crtx128a3.o
                0x0002022a                __vector_38
                0x0002022a                __vector_104
                0x0002022a                __vector_22
                0x0002022a                __vector_63
                0x0002022a                __vector_28
                0x0002022a                __vector_67
                0x0002022a                __vector_1
                0x0002022a                __vector_119
                0x0002022a                __vector_32
                0x0002022a                __vector_75
                0x0002022a                __vector_71
                0x0002022a                __vector_91
                0x0002022a                __vector_34
                0x0002022a                __vector_62
                0x0002022a                __vector_77
                0x0002022a                __vector_102
                0x0002022a                __vector_24
                0x0002022a                __vector_12
                0x0002022a                __vector_55
                0x0002022a                __vector_69
                0x0002022a                __vector_81
                0x0002022a                __vector_90
                0x0002022a                __vector_46
                0x0002022a                __bad_interrupt
                0x0002022a                __vector_72
                0x0002022a                __vector_114
                0x0002022a                __vector_6
                0x0002022a                __vector_110
                0x0002022a                __vector_31
                0x0002022a                __vector_92
                0x0002022a                __vector_35
                0x0002022a                __vector_78
                0x0002022a                __vector_74
                0x0002022a                __vector_117
                0x0002022a                __vector_39
                0x0002022a                __vector_107
                0x0002022a                __vector_3
                0x0002022a                __vector_105
                0x0002022a                __vector_98
                0x0002022a                __vector_23
                0x0002022a                __vector_68
                0x0002022a                __vector_30
                0x0002022a                __vector_73
                0x0002022a                __vector_45
                0x0002022a                __vector_25
                0x0002022a                __vector_93
                0x0002022a                __vector_61
                0x0002022a                __vector_11
                0x0002022a                __vector_54
                0x0002022a                __vector_99
                0x0002022a                __vector_13
                0x0002022a                __vector_17
                0x0002022a                __vector_19
                0x0002022a                __vector_56
                0x0002022a                __vector_7
                0x0002022a                __vector_49
                0x0002022a                __vector_41
                0x0002022a                __vector_86
                0x0002022a                __vector_100
                0x0002022a                __vector_101
                0x0002022a                __vector_64
                0x0002022a                __vector_88
                0x0002022a                __vector_109
                0x0002022a                __vector_43
                0x0002022a                __vector_27
                0x0002022a                __vector_5
                0x0002022a                __vector_113
                0x0002022a                __vector_33
                0x0002022a                __vector_76
                0x0002022a                __vector_115
                0x0002022a                __vector_47
                0x0002022a                __vector_52
                0x0002022a                __vector_37
                0x0002022a                __vector_95
                0x0002022a                __vector_103
                0x0002022a                __vector_96
                0x0002022a                __vector_89
                0x0002022a                __vector_108
                0x0002022a                __vector_4
                0x0002022a                __vector_44
                0x0002022a                __vector_82
                0x0002022a                __vector_106
                0x0002022a                __vector_118
                0x0002022a                __vector_51
                0x0002022a                __vector_9
                0x0002022a                __vector_2
                0x0002022a                __vector_21
                0x0002022a                __vector_15
                0x0002022a                __vector_66
                0x0002022a                __vector_36
                0x0002022a                __vector_79
                0x0002022a                __vector_58
                0x0002022a                __vector_70
                0x0002022a                __vector_83
                0x0002022a                __vector_29
                0x0002022a                __vector_60
                0x0002022a                __vector_121
                0x0002022a                __vector_40
                0x0002022a                __vector_85
                0x0002022a                __vector_94
                0x0002022a                __vector_8
                0x0002022a                __vector_26
                0x0002022a                __vector_48
                0x0002022a                __vector_116
                0x0002022a                __vector_112
                0x0002022a                __vector_111
                0x0002022a                __vector_80
                0x0002022a                __vector_14
                0x0002022a                __vector_84
                0x0002022a                __vector_57
                0x0002022a                __vector_53
                0x0002022a                __vector_10
                0x0002022a                __vector_50
                0x0002022a                __vector_16
                0x0002022a                __vector_59
                0x0002022a                __vector_18
                0x0002022a                __vector_97
                0x0002022a                __vector_20
                0x0002022a                __vector_42
                0x0002022a                __vector_87
                0x0002022a                __vector_65
                0x0002022a                __vector_120
 .text          0x0002022e      0x734 xboot.o
                0x0002022e                get_char
                0x0002024c                send_char
                0x00020270                BlockRead
                0x000203a6                BlockLoad
                0x00020530                main
 .text          0x00020962      0x214 eeprom_driver.o
                0x00020962                EEPROM_WriteByte
                0x000209d2                EEPROM_ReadByte
                0x00020a20                EEPROM_WaitForNVM
                0x00020a2a                EEPROM_FlushBuffer
                0x00020a54                EEPROM_LoadByte
                0x00020a72                EEPROM_LoadPage
                0x00020a9a                EEPROM_AtomicWritePage
                0x00020ad8                EEPROM_ErasePage
                0x00020b16                EEPROM_SplitWritePage
                0x00020b54                EEPROM_EraseAll
 .text          0x00020b76       0x1a uart.o
                0x00020b76                uart_init
 .text          0x00020b90       0x12 i2c.o
                0x00020b90                i2c_init
 .text          0x00020ba2       0x26 watchdog.o
                0x00020ba2                WDT_EnableAndSetTimeout
                0x00020bb6                WDT_Disable
 .text          0x00020bc8      0x12a sp_driver.o
                0x00020bc8                SP_ReadByte
                0x00020bd4                SP_ReadWord
                0x00020be2                SP_ReadCalibrationByte
                0x00020be6                SP_ReadUserSignatureByte
                0x00020bea                SP_ReadFuseByte
                0x00020c00                SP_WriteLockBits
                0x00020c08                SP_ReadLockBits
                0x00020c0e                SP_EraseUserSignatureRow
                0x00020c16                SP_WriteUserSignatureRow
                0x00020c1e                SP_EraseApplicationSection
                0x00020c26                SP_EraseApplicationPage
                0x00020c32                SP_LoadFlashWord
                0x00020c3c                SP_ReadFlashPage
                0x00020c5e                SP_WriteApplicationPage
                0x00020c6a                SP_EraseWriteApplicationPage
                0x00020c76                SP_EraseFlashBuffer
                0x00020c7e                SP_EraseBootPage
                0x00020c8a                SP_WriteBootPage
                0x00020c96                SP_EraseWriteBootPage
                0x00020ca2                SP_ApplicationCRC
                0x00020ca6                SP_BootCRC
                0x00020caa                SP_LockSPM
                0x00020cb8                SP_WaitForSPM
 .text          0x00020cf2        0x0 /usr/lib/gcc/avr/4.3.4/avrxmega6/libgcc.a(_exit.o)
 .text          0x00020cf2        0x0 /usr/lib/gcc/avr/4.3.4/avrxmega6/libgcc.a(_clear_bss.o)
                0x00020cf2                . = ALIGN (0x2)
 *(.text.*)
 .text.libgcc   0x00020cf2        0x0 /usr/lib/gcc/avr/4.3.4/avrxmega6/libgcc.a(_exit.o)
 .text.libgcc   0x00020cf2        0x0 /usr/lib/gcc/avr/4.3.4/avrxmega6/libgcc.a(_clear_bss.o)
                0x00020cf2                . = ALIGN (0x2)
 *(.fini9)
 .fini9         0x00020cf2        0x0 /usr/lib/gcc/avr/4.3.4/avrxmega6/libgcc.a(_exit.o)
                0x00020cf2                exit
                0x00020cf2                _exit
 *(.fini9)
 *(.fini8)
 *(.fini8)
 *(.fini7)
 *(.fini7)
 *(.fini6)
 *(.fini6)
 *(.fini5)
 *(.fini5)
 *(.fini4)
 *(.fini4)
 *(.fini3)
 *(.fini3)
 *(.fini2)
 *(.fini2)
 *(.fini1)
 *(.fini1)
 *(.fini0)
 .fini0         0x00020cf2        0x4 /usr/lib/gcc/avr/4.3.4/avrxmega6/libgcc.a(_exit.o)
 *(.fini0)
                0x00020cf6                _etext = .

.BOOT           0x00020cf6       0x3a
 .BOOT          0x00020cf6       0x3a sp_driver.o
                0x00020cf6                SP_LoadFlashPage

.data           0x00802000        0x0 load address 0x00020cf6
                0x00802000                PROVIDE (__data_start, .)
 *(.data)
 .data          0x00802000        0x0 /usr/lib/gcc/avr/4.3.4/../../../avr/lib/avrxmega6/crtx128a3.o
 .data          0x00802000        0x0 xboot.o
 .data          0x00802000        0x0 eeprom_driver.o
 .data          0x00802000        0x0 uart.o
 .data          0x00802000        0x0 i2c.o
 .data          0x00802000        0x0 watchdog.o
 .data          0x00802000        0x0 sp_driver.o
 .data          0x00802000        0x0 /usr/lib/gcc/avr/4.3.4/avrxmega6/libgcc.a(_exit.o)
 .data          0x00802000        0x0 /usr/lib/gcc/avr/4.3.4/avrxmega6/libgcc.a(_clear_bss.o)
 *(.data*)
 *(.rodata)
 *(.rodata*)
 *(.gnu.linkonce.d*)
                0x00802000                . = ALIGN (0x2)
                0x00802000                _edata = .
                0x00802000                PROVIDE (__data_end, .)

.bss            0x00802000        0x1
                0x00802000                PROVIDE (__bss_start, .)
 *(.bss)
 .bss           0x00802000        0x0 /usr/lib/gcc/avr/4.3.4/../../../avr/lib/avrxmega6/crtx128a3.o
 .bss           0x00802000        0x0 xboot.o
 .bss           0x00802000        0x0 eeprom_driver.o
 .bss           0x00802000        0x0 uart.o
 .bss           0x00802000        0x0 i2c.o
 .bss           0x00802000        0x0 watchdog.o
 .bss           0x00802000        0x0 sp_driver.o
 .bss           0x00802000        0x0 /usr/lib/gcc/avr/4.3.4/avrxmega6/libgcc.a(_exit.o)
 .bss           0x00802000        0x0 /usr/lib/gcc/avr/4.3.4/avrxmega6/libgcc.a(_clear_bss.o)
 *(.bss*)
 *(COMMON)
 COMMON         0x00802000        0x1 xboot.o
                0x00802000                comm_mode
                0x00802001                PROVIDE (__bss_end, .)
                0x00020cf6                __data_load_start = LOADADDR (.data)
                0x00020cf6                __data_load_end = (__data_load_start + SIZEOF (.data))

.noinit         0x00802001        0x0
                0x00802001                PROVIDE (__noinit_start, .)
 *(.noinit*)
                0x00802001                PROVIDE (__noinit_end, .)
                0x00802001                _end = .
                0x00802001                PROVIDE (__heap_start, .)

.eeprom         0x00810000        0x0
 *(.eeprom*)
                0x00810000                __eeprom_end = .

.fuse
 *(.fuse)
 *(.lfuse)
 *(.hfuse)
 *(.efuse)

.lock
 *(.lock*)

.signature
 *(.signature*)

.stab           0x00000000     0x35c4
 *(.stab)
 .stab          0x00000000      0x768 /usr/lib/gcc/avr/4.3.4/../../../avr/lib/avrxmega6/crtx128a3.o
 .stab          0x00000768     0x1b84 xboot.o
                               0x1b90 (size before relaxing)
 .stab          0x000022ec      0x6e4 eeprom_driver.o
                               0x17d0 (size before relaxing)
 .stab          0x000029d0      0x198 uart.o
                               0x1284 (size before relaxing)
 .stab          0x00002b68      0x198 i2c.o
                               0x1284 (size before relaxing)
 .stab          0x00002d00      0x1d4 watchdog.o
                               0x12c0 (size before relaxing)
 .stab          0x00002ed4      0x6f0 sp_driver.o
                                0x6fc (size before relaxing)

.stabstr        0x00000000     0xb53c
 *(.stabstr)
 .stabstr       0x00000000     0xb53c /usr/lib/gcc/avr/4.3.4/../../../avr/lib/avrxmega6/crtx128a3.o

.stab.excl
 *(.stab.excl)

.stab.exclstr
 *(.stab.exclstr)

.stab.index
 *(.stab.index)

.stab.indexstr
 *(.stab.indexstr)

.comment
 *(.comment)

.debug
 *(.debug)

.line
 *(.line)

.debug_srcinfo
 *(.debug_srcinfo)

.debug_sfnames
 *(.debug_sfnames)

.debug_aranges
 *(.debug_aranges)

.debug_pubnames
 *(.debug_pubnames)

.debug_info
 *(.debug_info)
 *(.gnu.linkonce.wi.*)

.debug_abbrev
 *(.debug_abbrev)

.debug_line
 *(.debug_line)

.debug_frame
 *(.debug_frame)

.debug_str
 *(.debug_str)

.debug_loc
 *(.debug_loc)

.debug_macinfo
 *(.debug_macinfo)
OUTPUT(xboot.elf elf32-avr)
LOAD linker stubs

Cross Reference Table

Symbol                                            File
BlockLoad                                         xboot.o
BlockRead                                         xboot.o
EEPROM_AtomicWritePage                            eeprom_driver.o
EEPROM_EraseAll                                   eeprom_driver.o
                                                  xboot.o
EEPROM_ErasePage                                  eeprom_driver.o
EEPROM_FlushBuffer                                eeprom_driver.o
                                                  xboot.o
EEPROM_LoadByte                                   eeprom_driver.o
EEPROM_LoadPage                                   eeprom_driver.o
                                                  xboot.o
EEPROM_ReadByte                                   eeprom_driver.o
                                                  xboot.o
EEPROM_SplitWritePage                             eeprom_driver.o
EEPROM_WaitForNVM                                 eeprom_driver.o
EEPROM_WriteByte                                  eeprom_driver.o
                                                  xboot.o
SP_ApplicationCRC                                 sp_driver.o
SP_BootCRC                                        sp_driver.o
SP_EraseApplicationPage                           sp_driver.o
                                                  xboot.o
SP_EraseApplicationSection                        sp_driver.o
SP_EraseBootPage                                  sp_driver.o
SP_EraseFlashBuffer                               sp_driver.o
SP_EraseUserSignatureRow                          sp_driver.o
                                                  xboot.o
SP_EraseWriteApplicationPage                      sp_driver.o
SP_EraseWriteBootPage                             sp_driver.o
SP_LoadFlashPage                                  sp_driver.o
SP_LoadFlashWord                                  sp_driver.o
                                                  xboot.o
SP_LockSPM                                        sp_driver.o
SP_ReadByte                                       sp_driver.o
                                                  xboot.o
SP_ReadCalibrationByte                            sp_driver.o
                                                  xboot.o
SP_ReadFlashPage                                  sp_driver.o
SP_ReadFuseByte                                   sp_driver.o
                                                  xboot.o
SP_ReadLockBits                                   sp_driver.o
                                                  xboot.o
SP_ReadUserSignatureByte                          sp_driver.o
                                                  xboot.o
SP_ReadWord                                       sp_driver.o
SP_WaitForSPM                                     sp_driver.o
                                                  xboot.o
SP_WriteApplicationPage                           sp_driver.o
                                                  xboot.o
SP_WriteBootPage                                  sp_driver.o
SP_WriteLockBits                                  sp_driver.o
                                                  xboot.o
SP_WriteUserSignatureRow                          sp_driver.o
                                                  xboot.o
WDT_Disable                                       watchdog.o
WDT_EnableAndSetTimeout                           watchdog.o
__bad_interrupt                                   /usr/lib/gcc/avr/4.3.4/../../../avr/lib/avrxmega6/crtx128a3.o
__bss_end                                         /usr/lib/gcc/avr/4.3.4/avrxmega6/libgcc.a(_clear_bss.o)
__bss_start                                       /usr/lib/gcc/avr/4.3.4/avrxmega6/libgcc.a(_clear_bss.o)
__data_end                                        /usr/lib/gcc/avr/4.3.4/../../../avr/lib/avrxmega6/crtx128a3.o
__data_load_start                                 /usr/lib/gcc/avr/4.3.4/../../../avr/lib/avrxmega6/crtx128a3.o
__data_start                                      /usr/lib/gcc/avr/4.3.4/../../../avr/lib/avrxmega6/crtx128a3.o
__do_clear_bss                                    /usr/lib/gcc/avr/4.3.4/avrxmega6/libgcc.a(_clear_bss.o)
                                                  watchdog.o
                                                  i2c.o
                                                  uart.o
                                                  eeprom_driver.o
                                                  xboot.o
__do_copy_data                                    /usr/lib/gcc/avr/4.3.4/../../../avr/lib/avrxmega6/crtx128a3.o
                                                  watchdog.o
                                                  i2c.o
                                                  uart.o
                                                  eeprom_driver.o
                                                  xboot.o
__heap_end                                        /usr/lib/gcc/avr/4.3.4/../../../avr/lib/avrxmega6/crtx128a3.o
__init                                            /usr/lib/gcc/avr/4.3.4/../../../avr/lib/avrxmega6/crtx128a3.o
__stack                                           /usr/lib/gcc/avr/4.3.4/../../../avr/lib/avrxmega6/crtx128a3.o
__vector_1                                        /usr/lib/gcc/avr/4.3.4/../../../avr/lib/avrxmega6/crtx128a3.o
__vector_10                                       /usr/lib/gcc/avr/4.3.4/../../../avr/lib/avrxmega6/crtx128a3.o
__vector_100                                      /usr/lib/gcc/avr/4.3.4/../../../avr/lib/avrxmega6/crtx128a3.o
__vector_101                                      /usr/lib/gcc/avr/4.3.4/../../../avr/lib/avrxmega6/crtx128a3.o
__vector_102                                      /usr/lib/gcc/avr/4.3.4/../../../avr/lib/avrxmega6/crtx128a3.o
__vector_103                                      /usr/lib/gcc/avr/4.3.4/../../../avr/lib/avrxmega6/crtx128a3.o
__vector_104                                      /usr/lib/gcc/avr/4.3.4/../../../avr/lib/avrxmega6/crtx128a3.o
__vector_105                                      /usr/lib/gcc/avr/4.3.4/../../../avr/lib/avrxmega6/crtx128a3.o
__vector_106                                      /usr/lib/gcc/avr/4.3.4/../../../avr/lib/avrxmega6/crtx128a3.o
__vector_107                                      /usr/lib/gcc/avr/4.3.4/../../../avr/lib/avrxmega6/crtx128a3.o
__vector_108                                      /usr/lib/gcc/avr/4.3.4/../../../avr/lib/avrxmega6/crtx128a3.o
__vector_109                                      /usr/lib/gcc/avr/4.3.4/../../../avr/lib/avrxmega6/crtx128a3.o
__vector_11                                       /usr/lib/gcc/avr/4.3.4/../../../avr/lib/avrxmega6/crtx128a3.o
__vector_110                                      /usr/lib/gcc/avr/4.3.4/../../../avr/lib/avrxmega6/crtx128a3.o
__vector_111                                      /usr/lib/gcc/avr/4.3.4/../../../avr/lib/avrxmega6/crtx128a3.o
__vector_112                                      /usr/lib/gcc/avr/4.3.4/../../../avr/lib/avrxmega6/crtx128a3.o
__vector_113                                      /usr/lib/gcc/avr/4.3.4/../../../avr/lib/avrxmega6/crtx128a3.o
__vector_114                                      /usr/lib/gcc/avr/4.3.4/../../../avr/lib/avrxmega6/crtx128a3.o
__vector_115                                      /usr/lib/gcc/avr/4.3.4/../../../avr/lib/avrxmega6/crtx128a3.o
__vector_116                                      /usr/lib/gcc/avr/4.3.4/../../../avr/lib/avrxmega6/crtx128a3.o
__vector_117                                      /usr/lib/gcc/avr/4.3.4/../../../avr/lib/avrxmega6/crtx128a3.o
__vector_118                                      /usr/lib/gcc/avr/4.3.4/../../../avr/lib/avrxmega6/crtx128a3.o
__vector_119                                      /usr/lib/gcc/avr/4.3.4/../../../avr/lib/avrxmega6/crtx128a3.o
__vector_12                                       /usr/lib/gcc/avr/4.3.4/../../../avr/lib/avrxmega6/crtx128a3.o
__vector_120                                      /usr/lib/gcc/avr/4.3.4/../../../avr/lib/avrxmega6/crtx128a3.o
__vector_121                                      /usr/lib/gcc/avr/4.3.4/../../../avr/lib/avrxmega6/crtx128a3.o
__vector_13                                       /usr/lib/gcc/avr/4.3.4/../../../avr/lib/avrxmega6/crtx128a3.o
__vector_14                                       /usr/lib/gcc/avr/4.3.4/../../../avr/lib/avrxmega6/crtx128a3.o
__vector_15                                       /usr/lib/gcc/avr/4.3.4/../../../avr/lib/avrxmega6/crtx128a3.o
__vector_16                                       /usr/lib/gcc/avr/4.3.4/../../../avr/lib/avrxmega6/crtx128a3.o
__vector_17                                       /usr/lib/gcc/avr/4.3.4/../../../avr/lib/avrxmega6/crtx128a3.o
__vector_18                                       /usr/lib/gcc/avr/4.3.4/../../../avr/lib/avrxmega6/crtx128a3.o
__vector_19                                       /usr/lib/gcc/avr/4.3.4/../../../avr/lib/avrxmega6/crtx128a3.o
__vector_2                                        /usr/lib/gcc/avr/4.3.4/../../../avr/lib/avrxmega6/crtx128a3.o
__vector_20                                       /usr/lib/gcc/avr/4.3.4/../../../avr/lib/avrxmega6/crtx128a3.o
__vector_21                                       /usr/lib/gcc/avr/4.3.4/../../../avr/lib/avrxmega6/crtx128a3.o
__vector_22                                       /usr/lib/gcc/avr/4.3.4/../../../avr/lib/avrxmega6/crtx128a3.o
__vector_23                                       /usr/lib/gcc/avr/4.3.4/../../../avr/lib/avrxmega6/crtx128a3.o
__vector_24                                       /usr/lib/gcc/avr/4.3.4/../../../avr/lib/avrxmega6/crtx128a3.o
__vector_25                                       /usr/lib/gcc/avr/4.3.4/../../../avr/lib/avrxmega6/crtx128a3.o
__vector_26                                       /usr/lib/gcc/avr/4.3.4/../../../avr/lib/avrxmega6/crtx128a3.o
__vector_27                                       /usr/lib/gcc/avr/4.3.4/../../../avr/lib/avrxmega6/crtx128a3.o
__vector_28                                       /usr/lib/gcc/avr/4.3.4/../../../avr/lib/avrxmega6/crtx128a3.o
__vector_29                                       /usr/lib/gcc/avr/4.3.4/../../../avr/lib/avrxmega6/crtx128a3.o
__vector_3                                        /usr/lib/gcc/avr/4.3.4/../../../avr/lib/avrxmega6/crtx128a3.o
__vector_30                                       /usr/lib/gcc/avr/4.3.4/../../../avr/lib/avrxmega6/crtx128a3.o
__vector_31                                       /usr/lib/gcc/avr/4.3.4/../../../avr/lib/avrxmega6/crtx128a3.o
__vector_32                                       /usr/lib/gcc/avr/4.3.4/../../../avr/lib/avrxmega6/crtx128a3.o
__vector_33                                       /usr/lib/gcc/avr/4.3.4/../../../avr/lib/avrxmega6/crtx128a3.o
__vector_34                                       /usr/lib/gcc/avr/4.3.4/../../../avr/lib/avrxmega6/crtx128a3.o
__vector_35                                       /usr/lib/gcc/avr/4.3.4/../../../avr/lib/avrxmega6/crtx128a3.o
__vector_36                                       /usr/lib/gcc/avr/4.3.4/../../../avr/lib/avrxmega6/crtx128a3.o
__vector_37                                       /usr/lib/gcc/avr/4.3.4/../../../avr/lib/avrxmega6/crtx128a3.o
__vector_38                                       /usr/lib/gcc/avr/4.3.4/../../../avr/lib/avrxmega6/crtx128a3.o
__vector_39                                       /usr/lib/gcc/avr/4.3.4/../../../avr/lib/avrxmega6/crtx128a3.o
__vector_4                                        /usr/lib/gcc/avr/4.3.4/../../../avr/lib/avrxmega6/crtx128a3.o
__vector_40                                       /usr/lib/gcc/avr/4.3.4/../../../avr/lib/avrxmega6/crtx128a3.o
__vector_41                                       /usr/lib/gcc/avr/4.3.4/../../../avr/lib/avrxmega6/crtx128a3.o
__vector_42                                       /usr/lib/gcc/avr/4.3.4/../../../avr/lib/avrxmega6/crtx128a3.o
__vector_43                                       /usr/lib/gcc/avr/4.3.4/../../../avr/lib/avrxmega6/crtx128a3.o
__vector_44                                       /usr/lib/gcc/avr/4.3.4/../../../avr/lib/avrxmega6/crtx128a3.o
__vector_45                                       /usr/lib/gcc/avr/4.3.4/../../../avr/lib/avrxmega6/crtx128a3.o
__vector_46                                       /usr/lib/gcc/avr/4.3.4/../../../avr/lib/avrxmega6/crtx128a3.o
__vector_47                                       /usr/lib/gcc/avr/4.3.4/../../../avr/lib/avrxmega6/crtx128a3.o
__vector_48                                       /usr/lib/gcc/avr/4.3.4/../../../avr/lib/avrxmega6/crtx128a3.o
__vector_49                                       /usr/lib/gcc/avr/4.3.4/../../../avr/lib/avrxmega6/crtx128a3.o
__vector_5                                        /usr/lib/gcc/avr/4.3.4/../../../avr/lib/avrxmega6/crtx128a3.o
__vector_50                                       /usr/lib/gcc/avr/4.3.4/../../../avr/lib/avrxmega6/crtx128a3.o
__vector_51                                       /usr/lib/gcc/avr/4.3.4/../../../avr/lib/avrxmega6/crtx128a3.o
__vector_52                                       /usr/lib/gcc/avr/4.3.4/../../../avr/lib/avrxmega6/crtx128a3.o
__vector_53                                       /usr/lib/gcc/avr/4.3.4/../../../avr/lib/avrxmega6/crtx128a3.o
__vector_54                                       /usr/lib/gcc/avr/4.3.4/../../../avr/lib/avrxmega6/crtx128a3.o
__vector_55                                       /usr/lib/gcc/avr/4.3.4/../../../avr/lib/avrxmega6/crtx128a3.o
__vector_56                                       /usr/lib/gcc/avr/4.3.4/../../../avr/lib/avrxmega6/crtx128a3.o
__vector_57                                       /usr/lib/gcc/avr/4.3.4/../../../avr/lib/avrxmega6/crtx128a3.o
__vector_58                                       /usr/lib/gcc/avr/4.3.4/../../../avr/lib/avrxmega6/crtx128a3.o
__vector_59                                       /usr/lib/gcc/avr/4.3.4/../../../avr/lib/avrxmega6/crtx128a3.o
__vector_6                                        /usr/lib/gcc/avr/4.3.4/../../../avr/lib/avrxmega6/crtx128a3.o
__vector_60                                       /usr/lib/gcc/avr/4.3.4/../../../avr/lib/avrxmega6/crtx128a3.o
__vector_61                                       /usr/lib/gcc/avr/4.3.4/../../../avr/lib/avrxmega6/crtx128a3.o
__vector_62                                       /usr/lib/gcc/avr/4.3.4/../../../avr/lib/avrxmega6/crtx128a3.o
__vector_63                                       /usr/lib/gcc/avr/4.3.4/../../../avr/lib/avrxmega6/crtx128a3.o
__vector_64                                       /usr/lib/gcc/avr/4.3.4/../../../avr/lib/avrxmega6/crtx128a3.o
__vector_65                                       /usr/lib/gcc/avr/4.3.4/../../../avr/lib/avrxmega6/crtx128a3.o
__vector_66                                       /usr/lib/gcc/avr/4.3.4/../../../avr/lib/avrxmega6/crtx128a3.o
__vector_67                                       /usr/lib/gcc/avr/4.3.4/../../../avr/lib/avrxmega6/crtx128a3.o
__vector_68                                       /usr/lib/gcc/avr/4.3.4/../../../avr/lib/avrxmega6/crtx128a3.o
__vector_69                                       /usr/lib/gcc/avr/4.3.4/../../../avr/lib/avrxmega6/crtx128a3.o
__vector_7                                        /usr/lib/gcc/avr/4.3.4/../../../avr/lib/avrxmega6/crtx128a3.o
__vector_70                                       /usr/lib/gcc/avr/4.3.4/../../../avr/lib/avrxmega6/crtx128a3.o
__vector_71                                       /usr/lib/gcc/avr/4.3.4/../../../avr/lib/avrxmega6/crtx128a3.o
__vector_72                                       /usr/lib/gcc/avr/4.3.4/../../../avr/lib/avrxmega6/crtx128a3.o
__vector_73                                       /usr/lib/gcc/avr/4.3.4/../../../avr/lib/avrxmega6/crtx128a3.o
__vector_74                                       /usr/lib/gcc/avr/4.3.4/../../../avr/lib/avrxmega6/crtx128a3.o
__vector_75                                       /usr/lib/gcc/avr/4.3.4/../../../avr/lib/avrxmega6/crtx128a3.o
__vector_76                                       /usr/lib/gcc/avr/4.3.4/../../../avr/lib/avrxmega6/crtx128a3.o
__vector_77                                       /usr/lib/gcc/avr/4.3.4/../../../avr/lib/avrxmega6/crtx128a3.o
__vector_78                                       /usr/lib/gcc/avr/4.3.4/../../../avr/lib/avrxmega6/crtx128a3.o
__vector_79                                       /usr/lib/gcc/avr/4.3.4/../../../avr/lib/avrxmega6/crtx128a3.o
__vector_8                                        /usr/lib/gcc/avr/4.3.4/../../../avr/lib/avrxmega6/crtx128a3.o
__vector_80                                       /usr/lib/gcc/avr/4.3.4/../../../avr/lib/avrxmega6/crtx128a3.o
__vector_81                                       /usr/lib/gcc/avr/4.3.4/../../../avr/lib/avrxmega6/crtx128a3.o
__vector_82                                       /usr/lib/gcc/avr/4.3.4/../../../avr/lib/avrxmega6/crtx128a3.o
__vector_83                                       /usr/lib/gcc/avr/4.3.4/../../../avr/lib/avrxmega6/crtx128a3.o
__vector_84                                       /usr/lib/gcc/avr/4.3.4/../../../avr/lib/avrxmega6/crtx128a3.o
__vector_85                                       /usr/lib/gcc/avr/4.3.4/../../../avr/lib/avrxmega6/crtx128a3.o
__vector_86                                       /usr/lib/gcc/avr/4.3.4/../../../avr/lib/avrxmega6/crtx128a3.o
__vector_87                                       /usr/lib/gcc/avr/4.3.4/../../../avr/lib/avrxmega6/crtx128a3.o
__vector_88                                       /usr/lib/gcc/avr/4.3.4/../../../avr/lib/avrxmega6/crtx128a3.o
__vector_89                                       /usr/lib/gcc/avr/4.3.4/../../../avr/lib/avrxmega6/crtx128a3.o
__vector_9                                        /usr/lib/gcc/avr/4.3.4/../../../avr/lib/avrxmega6/crtx128a3.o
__vector_90                                       /usr/lib/gcc/avr/4.3.4/../../../avr/lib/avrxmega6/crtx128a3.o
__vector_91                                       /usr/lib/gcc/avr/4.3.4/../../../avr/lib/avrxmega6/crtx128a3.o
__vector_92                                       /usr/lib/gcc/avr/4.3.4/../../../avr/lib/avrxmega6/crtx128a3.o
__vector_93                                       /usr/lib/gcc/avr/4.3.4/../../../avr/lib/avrxmega6/crtx128a3.o
__vector_94                                       /usr/lib/gcc/avr/4.3.4/../../../avr/lib/avrxmega6/crtx128a3.o
__vector_95                                       /usr/lib/gcc/avr/4.3.4/../../../avr/lib/avrxmega6/crtx128a3.o
__vector_96                                       /usr/lib/gcc/avr/4.3.4/../../../avr/lib/avrxmega6/crtx128a3.o
__vector_97                                       /usr/lib/gcc/avr/4.3.4/../../../avr/lib/avrxmega6/crtx128a3.o
__vector_98                                       /usr/lib/gcc/avr/4.3.4/../../../avr/lib/avrxmega6/crtx128a3.o
__vector_99                                       /usr/lib/gcc/avr/4.3.4/../../../avr/lib/avrxmega6/crtx128a3.o
__vector_default                                  /usr/lib/gcc/avr/4.3.4/../../../avr/lib/avrxmega6/crtx128a3.o
__vectors                                         /usr/lib/gcc/avr/4.3.4/../../../avr/lib/avrxmega6/crtx128a3.o
_exit                                             /usr/lib/gcc/avr/4.3.4/avrxmega6/libgcc.a(_exit.o)
comm_mode                                         xboot.o
exit                                              /usr/lib/gcc/avr/4.3.4/avrxmega6/libgcc.a(_exit.o)
                                                  /usr/lib/gcc/avr/4.3.4/../../../avr/lib/avrxmega6/crtx128a3.o
get_char                                          xboot.o
i2c_init                                          i2c.o
main                                              xboot.o
                                                  /usr/lib/gcc/avr/4.3.4/../../../avr/lib/avrxmega6/crtx128a3.o
send_char                                         xboot.o
uart_init                                         uart.o
                                                  xboot.o
