Archive member included because of file (symbol)

/usr/local/avr/lib/gcc/avr/4.3.4/avrxmega6/libgcc.a(_exit.o)
                              /usr/local/avr/lib/gcc/avr/4.3.4/../../../../avr/lib/avrxmega6/crtx128a3.o (exit)
/usr/local/avr/lib/gcc/avr/4.3.4/avrxmega6/libgcc.a(_clear_bss.o)
                              main.o (__do_clear_bss)

Allocating common symbols
Common symbol       size              file

spiBuffer           0x8               main.o

Memory Configuration

Name             Origin             Length             Attributes
text             0x00000000         0x00100000         xr
data             0x00802000         0x0000ffa0         rw !x
eeprom           0x00810000         0x00010000         rw !x
fuse             0x00820000         0x00000400         rw !x
lock             0x00830000         0x00000400         rw !x
signature        0x00840000         0x00000400         rw !x
*default*        0x00000000         0xffffffff

Linker script and memory map

LOAD /usr/local/avr/lib/gcc/avr/4.3.4/../../../../avr/lib/avrxmega6/crtx128a3.o
LOAD /usr/local/avr/lib/gcc/avr/4.3.4/../../../../avr/lib/avrxmega6/libm.a
LOAD main.o
LOAD clksys_driver.o
LOAD TC_driver.o
LOAD awex_driver.o
LOAD adc_driver.o
LOAD hires_driver.o
LOAD spi_driver.o
LOAD /usr/local/avr/lib/gcc/avr/4.3.4/avrxmega6/libgcc.a
LOAD /usr/local/avr/lib/gcc/avr/4.3.4/../../../../avr/lib/avrxmega6/libc.a
LOAD /usr/local/avr/lib/gcc/avr/4.3.4/avrxmega6/libgcc.a

.hash
 *(.hash)

.dynsym
 *(.dynsym)

.dynstr
 *(.dynstr)

.gnu.version
 *(.gnu.version)

.gnu.version_d
 *(.gnu.version_d)

.gnu.version_r
 *(.gnu.version_r)

.rel.init
 *(.rel.init)

.rela.init
 *(.rela.init)

.rel.text
 *(.rel.text)
 *(.rel.text.*)
 *(.rel.gnu.linkonce.t*)

.rela.text
 *(.rela.text)
 *(.rela.text.*)
 *(.rela.gnu.linkonce.t*)

.rel.fini
 *(.rel.fini)

.rela.fini
 *(.rela.fini)

.rel.rodata
 *(.rel.rodata)
 *(.rel.rodata.*)
 *(.rel.gnu.linkonce.r*)

.rela.rodata
 *(.rela.rodata)
 *(.rela.rodata.*)
 *(.rela.gnu.linkonce.r*)

.rel.data
 *(.rel.data)
 *(.rel.data.*)
 *(.rel.gnu.linkonce.d*)

.rela.data
 *(.rela.data)
 *(.rela.data.*)
 *(.rela.gnu.linkonce.d*)

.rel.ctors
 *(.rel.ctors)

.rela.ctors
 *(.rela.ctors)

.rel.dtors
 *(.rel.dtors)

.rela.dtors
 *(.rela.dtors)

.rel.got
 *(.rel.got)

.rela.got
 *(.rela.got)

.rel.bss
 *(.rel.bss)

.rela.bss
 *(.rela.bss)

.rel.plt
 *(.rel.plt)

.rela.plt
 *(.rela.plt)

.text           0x00000000     0x14c8
 *(.vectors)
 .vectors       0x00000000      0x1e8 /usr/local/avr/lib/gcc/avr/4.3.4/../../../../avr/lib/avrxmega6/crtx128a3.o
                0x00000000                __vectors
                0x00000000                __vector_default
 *(.vectors)
 *(.progmem.gcc*)
 *(.progmem*)
                0x000001e8                . = ALIGN (0x2)
                0x000001e8                __trampolines_start = .
 *(.trampolines)
 .trampolines   0x000001e8        0x0 linker stubs
 *(.trampolines*)
                0x000001e8                __trampolines_end = .
 *(.jumptables)
 *(.jumptables*)
 *(.lowtext)
 *(.lowtext*)
                0x000001e8                __ctors_start = .
 *(.ctors)
                0x000001e8                __ctors_end = .
                0x000001e8                __dtors_start = .
 *(.dtors)
                0x000001e8                __dtors_end = .
 SORT(*)(.ctors)
 SORT(*)(.dtors)
 *(.init0)
 .init0         0x000001e8        0x0 /usr/local/avr/lib/gcc/avr/4.3.4/../../../../avr/lib/avrxmega6/crtx128a3.o
                0x000001e8                __init
 *(.init0)
 *(.init1)
 *(.init1)
 *(.init2)
 .init2         0x000001e8       0x10 /usr/local/avr/lib/gcc/avr/4.3.4/../../../../avr/lib/avrxmega6/crtx128a3.o
 *(.init2)
 *(.init3)
 *(.init3)
 *(.init4)
 .init4         0x000001f8       0x1a /usr/local/avr/lib/gcc/avr/4.3.4/../../../../avr/lib/avrxmega6/crtx128a3.o
                0x000001f8                __do_copy_data
 .init4         0x00000212       0x10 /usr/local/avr/lib/gcc/avr/4.3.4/avrxmega6/libgcc.a(_clear_bss.o)
                0x00000212                __do_clear_bss
 *(.init4)
 *(.init5)
 *(.init5)
 *(.init6)
 *(.init6)
 *(.init7)
 *(.init7)
 *(.init8)
 *(.init8)
 *(.init9)
 .init9         0x00000222        0x8 /usr/local/avr/lib/gcc/avr/4.3.4/../../../../avr/lib/avrxmega6/crtx128a3.o
 *(.init9)
 *(.text)
 .text          0x0000022a        0x4 /usr/local/avr/lib/gcc/avr/4.3.4/../../../../avr/lib/avrxmega6/crtx128a3.o
                0x0000022a                __vector_38
                0x0000022a                __vector_104
                0x0000022a                __vector_63
                0x0000022a                __vector_28
                0x0000022a                __vector_67
                0x0000022a                __vector_1
                0x0000022a                __vector_119
                0x0000022a                __vector_32
                0x0000022a                __vector_75
                0x0000022a                __vector_71
                0x0000022a                __vector_91
                0x0000022a                __vector_34
                0x0000022a                __vector_62
                0x0000022a                __vector_77
                0x0000022a                __vector_102
                0x0000022a                __vector_12
                0x0000022a                __vector_69
                0x0000022a                __vector_81
                0x0000022a                __vector_90
                0x0000022a                __vector_46
                0x0000022a                __bad_interrupt
                0x0000022a                __vector_114
                0x0000022a                __vector_6
                0x0000022a                __vector_31
                0x0000022a                __vector_92
                0x0000022a                __vector_35
                0x0000022a                __vector_78
                0x0000022a                __vector_74
                0x0000022a                __vector_117
                0x0000022a                __vector_39
                0x0000022a                __vector_107
                0x0000022a                __vector_3
                0x0000022a                __vector_105
                0x0000022a                __vector_98
                0x0000022a                __vector_23
                0x0000022a                __vector_68
                0x0000022a                __vector_30
                0x0000022a                __vector_73
                0x0000022a                __vector_45
                0x0000022a                __vector_25
                0x0000022a                __vector_93
                0x0000022a                __vector_61
                0x0000022a                __vector_11
                0x0000022a                __vector_54
                0x0000022a                __vector_99
                0x0000022a                __vector_13
                0x0000022a                __vector_17
                0x0000022a                __vector_19
                0x0000022a                __vector_56
                0x0000022a                __vector_7
                0x0000022a                __vector_41
                0x0000022a                __vector_86
                0x0000022a                __vector_100
                0x0000022a                __vector_101
                0x0000022a                __vector_64
                0x0000022a                __vector_88
                0x0000022a                __vector_109
                0x0000022a                __vector_43
                0x0000022a                __vector_27
                0x0000022a                __vector_5
                0x0000022a                __vector_33
                0x0000022a                __vector_76
                0x0000022a                __vector_115
                0x0000022a                __vector_37
                0x0000022a                __vector_95
                0x0000022a                __vector_103
                0x0000022a                __vector_96
                0x0000022a                __vector_89
                0x0000022a                __vector_4
                0x0000022a                __vector_44
                0x0000022a                __vector_82
                0x0000022a                __vector_106
                0x0000022a                __vector_118
                0x0000022a                __vector_9
                0x0000022a                __vector_2
                0x0000022a                __vector_21
                0x0000022a                __vector_15
                0x0000022a                __vector_66
                0x0000022a                __vector_36
                0x0000022a                __vector_58
                0x0000022a                __vector_70
                0x0000022a                __vector_29
                0x0000022a                __vector_60
                0x0000022a                __vector_121
                0x0000022a                __vector_40
                0x0000022a                __vector_85
                0x0000022a                __vector_94
                0x0000022a                __vector_8
                0x0000022a                __vector_26
                0x0000022a                __vector_48
                0x0000022a                __vector_116
                0x0000022a                __vector_80
                0x0000022a                __vector_14
                0x0000022a                __vector_84
                0x0000022a                __vector_57
                0x0000022a                __vector_53
                0x0000022a                __vector_10
                0x0000022a                __vector_16
                0x0000022a                __vector_59
                0x0000022a                __vector_18
                0x0000022a                __vector_97
                0x0000022a                __vector_20
                0x0000022a                __vector_42
                0x0000022a                __vector_87
                0x0000022a                __vector_65
                0x0000022a                __vector_120
 .text          0x0000022e      0xba0 main.o
                0x0000022e                spiInit
                0x0000025c                __vector_24
                0x000003c2                __vector_110
                0x000003fa                __vector_111
                0x00000442                __vector_112
                0x0000048a                __vector_113
                0x000004c2                __vector_108
                0x0000050e                __vector_49
                0x00000522                __vector_50
                0x0000056a                __vector_51
                0x0000057e                __vector_52
                0x00000592                __vector_47
                0x000005a6                configMotTimer0
                0x000005a8                configMotTimer1
                0x000005aa                __vector_22
                0x000005be                __vector_55
                0x000005d2                __vector_79
                0x000005e6                __vector_72
                0x0000068c                startup
                0x00000940                setMotor1State
                0x00000942                setMotor2State
                0x00000aae                __vector_83
                0x00000b36                setMotor3State
                0x00000b38                setMotor4State
                0x00000b3a                configDelayTimer
                0x00000b60                initAdc
                0x00000be0                configHalfPWMTimer
                0x00000c4c                configPWM
                0x00000cb8                configClock
                0x00000cf8                main
 .text          0x00000dce      0x184 clksys_driver.o
                0x00000dce                CCPWrite
                0x00000df8                CLKSYS_XOSC_Config
                0x00000e18                CLKSYS_PLL_Config
                0x00000e24                CLKSYS_Disable
                0x00000e38                CLKSYS_Prescalers_Config
                0x00000e68                CLKSYS_Main_ClockSource_Select
                0x00000ea2                CLKSYS_RTC_ClockSource_Enable
                0x00000eb2                CLKSYS_AutoCalibration_Enable
                0x00000ef2                CLKSYS_XOSC_FailureDetection_Enable
                0x00000f22                CLKSYS_Configuration_Lock
 .text          0x00000f52      0x114 TC_driver.o
                0x00000f52                TC0_ConfigClockSource
                0x00000f5e                TC1_ConfigClockSource
                0x00000f6a                TC0_ConfigWGM
                0x00000f76                TC1_ConfigWGM
                0x00000f82                TC0_ConfigInputCapture
                0x00000f90                TC1_ConfigInputCapture
                0x00000f9e                TC0_EnableCCChannels
                0x00000faa                TC1_EnableCCChannels
                0x00000fb6                TC0_DisableCCChannels
                0x00000fc4                TC1_DisableCCChannels
                0x00000fd2                TC0_SetOverflowIntLevel
                0x00000fde                TC1_SetOverflowIntLevel
                0x00000fea                TC0_SetErrorIntLevel
                0x00000ff6                TC1_SetErrorIntLevel
                0x00001002                TC0_SetCCAIntLevel
                0x0000100e                TC1_SetCCAIntLevel
                0x0000101a                TC0_SetCCBIntLevel
                0x00001026                TC1_SetCCBIntLevel
                0x00001032                TC0_SetCCCIntLevel
                0x0000103e                TC0_SetCCDIntLevel
                0x0000104a                TC0_Reset
                0x00001058                TC1_Reset
 .text          0x00001066       0x28 awex_driver.o
                0x00001066                AWEX_EnableDeadTimeInsertion
                0x00001072                AWEX_DisableDeadTimeInsertion
                0x00001080                AWEX_ConfigureFaultDetection
 .text          0x0000108e      0x194 adc_driver.o
                0x0000108e                ADC_CalibrationValues_Load
                0x000010ec                ADC_ResultCh_GetWord_Unsigned
                0x000010fe                ADC_ResultCh_GetWord_Signed
                0x00001116                ADC_ResultCh_GetWord
                0x00001124                ADC_ResultCh_GetLowByte
                0x0000112e                ADC_ResultCh_GetHighByte
                0x00001138                ADC_Wait_8MHz
                0x00001148                ADC_Wait_32MHz
                0x0000115a                ADC_Offset_Get_Unsigned
                0x000011ac                ADC_Offset_Get_Signed
                0x0000120e                SP_ReadCalibrationByte
 .text          0x00001222        0x6 hires_driver.o
                0x00001222                HIRES_Enable
 .text          0x00001228      0x29c spi_driver.o
                0x00001228                SPI_MasterInit
                0x0000128e                SPI_SlaveInit
                0x000012cc                SPI_MasterCreateDataPacket
                0x000012f0                SPI_MasterInterruptHandler
                0x00001374                SPI_MasterInterruptTransceivePacket
                0x00001400                SPI_MasterTransceiveByte
                0x0000141a                SPI_MasterTransceivePacket
 .text          0x000014c4        0x0 /usr/local/avr/lib/gcc/avr/4.3.4/avrxmega6/libgcc.a(_exit.o)
 .text          0x000014c4        0x0 /usr/local/avr/lib/gcc/avr/4.3.4/avrxmega6/libgcc.a(_clear_bss.o)
                0x000014c4                . = ALIGN (0x2)
 *(.text.*)
 .text.libgcc   0x000014c4        0x0 /usr/local/avr/lib/gcc/avr/4.3.4/avrxmega6/libgcc.a(_exit.o)
 .text.libgcc   0x000014c4        0x0 /usr/local/avr/lib/gcc/avr/4.3.4/avrxmega6/libgcc.a(_clear_bss.o)
                0x000014c4                . = ALIGN (0x2)
 *(.fini9)
 .fini9         0x000014c4        0x0 /usr/local/avr/lib/gcc/avr/4.3.4/avrxmega6/libgcc.a(_exit.o)
                0x000014c4                exit
                0x000014c4                _exit
 *(.fini9)
 *(.fini8)
 *(.fini8)
 *(.fini7)
 *(.fini7)
 *(.fini6)
 *(.fini6)
 *(.fini5)
 *(.fini5)
 *(.fini4)
 *(.fini4)
 *(.fini3)
 *(.fini3)
 *(.fini2)
 *(.fini2)
 *(.fini1)
 *(.fini1)
 *(.fini0)
 .fini0         0x000014c4        0x4 /usr/local/avr/lib/gcc/avr/4.3.4/avrxmega6/libgcc.a(_exit.o)
 *(.fini0)
                0x000014c8                _etext = .

.data           0x00802000       0x20 load address 0x000014c8
                0x00802000                PROVIDE (__data_start, .)
 *(.data)
 .data          0x00802000        0x0 /usr/local/avr/lib/gcc/avr/4.3.4/../../../../avr/lib/avrxmega6/crtx128a3.o
 .data          0x00802000       0x1f main.o
                0x00802000                stateSlope
                0x00802006                motor2StateSenseIndex
                0x0080200c                motor2Thresh
                0x0080200d                startupPwms
                0x00802019                startupDelays
 .data          0x0080201f        0x0 clksys_driver.o
 .data          0x0080201f        0x0 TC_driver.o
 .data          0x0080201f        0x0 awex_driver.o
 .data          0x0080201f        0x0 adc_driver.o
 .data          0x0080201f        0x0 hires_driver.o
 .data          0x0080201f        0x0 spi_driver.o
 .data          0x0080201f        0x0 /usr/local/avr/lib/gcc/avr/4.3.4/avrxmega6/libgcc.a(_exit.o)
 .data          0x0080201f        0x0 /usr/local/avr/lib/gcc/avr/4.3.4/avrxmega6/libgcc.a(_clear_bss.o)
 *(.data*)
 *(.rodata)
 *(.rodata*)
 *(.gnu.linkonce.d*)
                0x00802020                . = ALIGN (0x2)
 *fill*         0x0080201f        0x1 00
                0x00802020                _edata = .
                0x00802020                PROVIDE (__data_end, .)

.bss            0x00802020       0x11
                0x00802020                PROVIDE (__bss_start, .)
 *(.bss)
 .bss           0x00802020        0x0 /usr/local/avr/lib/gcc/avr/4.3.4/../../../../avr/lib/avrxmega6/crtx128a3.o
 .bss           0x00802020        0x9 main.o
                0x00802020                motor1State
                0x00802021                motor2State
                0x00802022                motor3State
                0x00802023                motor4State
                0x00802024                motor1Thresh
                0x00802025                motor3Thresh
                0x00802026                motor4Thresh
                0x00802027                autoCommutationFlag
                0x00802028                missedCommFlag
 .bss           0x00802029        0x0 clksys_driver.o
 .bss           0x00802029        0x0 TC_driver.o
 .bss           0x00802029        0x0 awex_driver.o
 .bss           0x00802029        0x0 adc_driver.o
 .bss           0x00802029        0x0 hires_driver.o
 .bss           0x00802029        0x0 spi_driver.o
 .bss           0x00802029        0x0 /usr/local/avr/lib/gcc/avr/4.3.4/avrxmega6/libgcc.a(_exit.o)
 .bss           0x00802029        0x0 /usr/local/avr/lib/gcc/avr/4.3.4/avrxmega6/libgcc.a(_clear_bss.o)
 *(.bss*)
 *(COMMON)
 COMMON         0x00802029        0x8 main.o
                0x00802029                spiBuffer
                0x00802031                PROVIDE (__bss_end, .)
                0x000014c8                __data_load_start = LOADADDR (.data)
                0x000014e8                __data_load_end = (__data_load_start + SIZEOF (.data))

.noinit         0x00802031        0x0
                0x00802031                PROVIDE (__noinit_start, .)
 *(.noinit*)
                0x00802031                PROVIDE (__noinit_end, .)
                0x00802031                _end = .
                0x00802031                PROVIDE (__heap_start, .)

.eeprom         0x00810000        0x0
 *(.eeprom*)
                0x00810000                __eeprom_end = .

.fuse
 *(.fuse)
 *(.lfuse)
 *(.hfuse)
 *(.efuse)

.lock
 *(.lock*)

.signature
 *(.signature*)

.stab           0x00000000      0x768
 *(.stab)
 .stab          0x00000000      0x768 /usr/local/avr/lib/gcc/avr/4.3.4/../../../../avr/lib/avrxmega6/crtx128a3.o

.stabstr        0x00000000       0x70
 *(.stabstr)
 .stabstr       0x00000000       0x70 /usr/local/avr/lib/gcc/avr/4.3.4/../../../../avr/lib/avrxmega6/crtx128a3.o

.stab.excl
 *(.stab.excl)

.stab.exclstr
 *(.stab.exclstr)

.stab.index
 *(.stab.index)

.stab.indexstr
 *(.stab.indexstr)

.comment
 *(.comment)

.debug
 *(.debug)

.line
 *(.line)

.debug_srcinfo
 *(.debug_srcinfo)

.debug_sfnames
 *(.debug_sfnames)

.debug_aranges  0x00000000       0xe0
 *(.debug_aranges)
 .debug_aranges
                0x00000000       0x20 main.o
 .debug_aranges
                0x00000020       0x20 clksys_driver.o
 .debug_aranges
                0x00000040       0x20 TC_driver.o
 .debug_aranges
                0x00000060       0x20 awex_driver.o
 .debug_aranges
                0x00000080       0x20 adc_driver.o
 .debug_aranges
                0x000000a0       0x20 hires_driver.o
 .debug_aranges
                0x000000c0       0x20 spi_driver.o

.debug_pubnames
                0x00000000      0x8f6
 *(.debug_pubnames)
 .debug_pubnames
                0x00000000      0x30a main.o
 .debug_pubnames
                0x0000030a      0x129 clksys_driver.o
 .debug_pubnames
                0x00000433      0x216 TC_driver.o
 .debug_pubnames
                0x00000649       0x76 awex_driver.o
 .debug_pubnames
                0x000006bf      0x13b adc_driver.o
 .debug_pubnames
                0x000007fa       0x23 hires_driver.o
 .debug_pubnames
                0x0000081d       0xd9 spi_driver.o

.debug_info     0x00000000     0x4aa4
 *(.debug_info)
 .debug_info    0x00000000     0x1bfa main.o
 .debug_info    0x00001bfa      0x64a clksys_driver.o
 .debug_info    0x00002244     0x1248 TC_driver.o
 .debug_info    0x0000348c      0x22b awex_driver.o
 .debug_info    0x000036b7      0xba8 adc_driver.o
 .debug_info    0x0000425f      0x102 hires_driver.o
 .debug_info    0x00004361      0x743 spi_driver.o
 *(.gnu.linkonce.wi.*)

.debug_abbrev   0x00000000      0xba6
 *(.debug_abbrev)
 .debug_abbrev  0x00000000      0x252 main.o
 .debug_abbrev  0x00000252      0x1e4 clksys_driver.o
 .debug_abbrev  0x00000436      0x165 TC_driver.o
 .debug_abbrev  0x0000059b       0xdd awex_driver.o
 .debug_abbrev  0x00000678      0x2d5 adc_driver.o
 .debug_abbrev  0x0000094d       0xac hires_driver.o
 .debug_abbrev  0x000009f9      0x1ad spi_driver.o

.debug_line     0x00000000     0x191e
 *(.debug_line)
 .debug_line    0x00000000      0x984 main.o
 .debug_line    0x00000984      0x2a1 clksys_driver.o
 .debug_line    0x00000c25      0x301 TC_driver.o
 .debug_line    0x00000f26      0x133 awex_driver.o
 .debug_line    0x00001059      0x430 adc_driver.o
 .debug_line    0x00001489       0xb3 hires_driver.o
 .debug_line    0x0000153c      0x3e2 spi_driver.o

.debug_frame    0x00000000      0x5b0
 *(.debug_frame)
 .debug_frame   0x00000000      0x1f0 main.o
 .debug_frame   0x000001f0       0xb0 clksys_driver.o
 .debug_frame   0x000002a0      0x170 TC_driver.o
 .debug_frame   0x00000410       0x40 awex_driver.o
 .debug_frame   0x00000450       0xc0 adc_driver.o
 .debug_frame   0x00000510       0x20 hires_driver.o
 .debug_frame   0x00000530       0x80 spi_driver.o

.debug_str      0x00000000     0x2292
 *(.debug_str)
 .debug_str     0x00000000     0x10be main.o
                               0x111e (size before relaxing)
 .debug_str     0x000010be      0x487 clksys_driver.o
                                0x6bd (size before relaxing)
 .debug_str     0x00001545      0x559 TC_driver.o
                                0xb94 (size before relaxing)
 .debug_str     0x00001a9e      0x134 awex_driver.o
                                0x22d (size before relaxing)
 .debug_str     0x00001bd2      0x485 adc_driver.o
                                0x7ed (size before relaxing)
 .debug_str     0x00002057       0x2e hires_driver.o
                                0x15a (size before relaxing)
 .debug_str     0x00002085      0x20d spi_driver.o
                                0x4a4 (size before relaxing)

.debug_loc      0x00000000      0xd58
 *(.debug_loc)
 .debug_loc     0x00000000      0x22a main.o
 .debug_loc     0x0000022a       0x85 clksys_driver.o
 .debug_loc     0x000002af      0x370 TC_driver.o
 .debug_loc     0x0000061f       0x78 awex_driver.o
 .debug_loc     0x00000697      0x32b adc_driver.o
 .debug_loc     0x000009c2      0x396 spi_driver.o

.debug_macinfo
 *(.debug_macinfo)
OUTPUT(chb_motor_test.out elf32-avr)
LOAD linker stubs

.debug_ranges   0x00000000       0x78
 .debug_ranges  0x00000000       0x78 adc_driver.o
